Archive member included to satisfy reference by file (symbol)

app/libapp.a(main.c.obj)      (--whole-archive)
zephyr/libzephyr.a(heap.c.obj)
                              (--whole-archive)
zephyr/libzephyr.a(cbprintf_packaged.c.obj)
                              (--whole-archive)
zephyr/libzephyr.a(printk.c.obj)
                              (--whole-archive)
zephyr/libzephyr.a(sem.c.obj)
                              (--whole-archive)
zephyr/libzephyr.a(thread_entry.c.obj)
                              (--whole-archive)
zephyr/libzephyr.a(cbprintf_complete.c.obj)
                              (--whole-archive)
zephyr/libzephyr.a(assert.c.obj)
                              (--whole-archive)
zephyr/libzephyr.a(reboot.c.obj)
                              (--whole-archive)
zephyr/libzephyr.a(dec.c.obj)
                              (--whole-archive)
zephyr/libzephyr.a(hex.c.obj)
                              (--whole-archive)
zephyr/libzephyr.a(rb.c.obj)  (--whole-archive)
zephyr/libzephyr.a(timeutil.c.obj)
                              (--whole-archive)
zephyr/libzephyr.a(bitarray.c.obj)
                              (--whole-archive)
zephyr/libzephyr.a(configs.c.obj)
                              (--whole-archive)
zephyr/libzephyr.a(soc.c.obj)
                              (--whole-archive)
zephyr/libzephyr.a(stm32cube_hal.c.obj)
                              (--whole-archive)
zephyr/libzephyr.a(soc_config.c.obj)
                              (--whole-archive)
zephyr/libzephyr.a(mem_attr.c.obj)
                              (--whole-archive)
zephyr/libzephyr.a(tracing_none.c.obj)
                              (--whole-archive)
zephyr/arch/common/libarch__common.a(sw_isr_common.c.obj)
                              (--whole-archive)
zephyr/arch/arch/arm/core/libarch__arm__core.a(fatal.c.obj)
                              (--whole-archive)
zephyr/arch/arch/arm/core/libarch__arm__core.a(nmi.c.obj)
                              (--whole-archive)
zephyr/arch/arch/arm/core/libarch__arm__core.a(nmi_on_reset.S.obj)
                              (--whole-archive)
zephyr/arch/arch/arm/core/libarch__arm__core.a(tls.c.obj)
                              (--whole-archive)
zephyr/arch/arch/arm/core/cortex_m/libarch__arm__core__cortex_m.a(exc_exit.S.obj)
                              (--whole-archive)
zephyr/arch/arch/arm/core/cortex_m/libarch__arm__core__cortex_m.a(fault.c.obj)
                              (--whole-archive)
zephyr/arch/arch/arm/core/cortex_m/libarch__arm__core__cortex_m.a(fault_s.S.obj)
                              (--whole-archive)
zephyr/arch/arch/arm/core/cortex_m/libarch__arm__core__cortex_m.a(fpu.c.obj)
                              (--whole-archive)
zephyr/arch/arch/arm/core/cortex_m/libarch__arm__core__cortex_m.a(reset.S.obj)
                              (--whole-archive)
zephyr/arch/arch/arm/core/cortex_m/libarch__arm__core__cortex_m.a(scb.c.obj)
                              (--whole-archive)
zephyr/arch/arch/arm/core/cortex_m/libarch__arm__core__cortex_m.a(thread_abort.c.obj)
                              (--whole-archive)
zephyr/arch/arch/arm/core/cortex_m/libarch__arm__core__cortex_m.a(vector_table.S.obj)
                              (--whole-archive)
zephyr/arch/arch/arm/core/cortex_m/libarch__arm__core__cortex_m.a(swap.c.obj)
                              (--whole-archive)
zephyr/arch/arch/arm/core/cortex_m/libarch__arm__core__cortex_m.a(swap_helper.S.obj)
                              (--whole-archive)
zephyr/arch/arch/arm/core/cortex_m/libarch__arm__core__cortex_m.a(irq_manage.c.obj)
                              (--whole-archive)
zephyr/arch/arch/arm/core/cortex_m/libarch__arm__core__cortex_m.a(prep_c.c.obj)
                              (--whole-archive)
zephyr/arch/arch/arm/core/cortex_m/libarch__arm__core__cortex_m.a(thread.c.obj)
                              (--whole-archive)
zephyr/arch/arch/arm/core/cortex_m/libarch__arm__core__cortex_m.a(cpu_idle.S.obj)
                              (--whole-archive)
zephyr/arch/arch/arm/core/cortex_m/libarch__arm__core__cortex_m.a(irq_init.c.obj)
                              (--whole-archive)
zephyr/arch/arch/arm/core/cortex_m/libarch__arm__core__cortex_m.a(isr_wrapper.S.obj)
                              (--whole-archive)
zephyr/arch/arch/arm/core/cortex_m/libarch__arm__core__cortex_m.a(__aeabi_read_tp.S.obj)
                              (--whole-archive)
zephyr/arch/arch/arm/core/mpu/libarch__arm__core__mpu.a(arm_core_mpu.c.obj)
                              (--whole-archive)
zephyr/arch/arch/arm/core/mpu/libarch__arm__core__mpu.a(arm_mpu.c.obj)
                              (--whole-archive)
zephyr/arch/arch/arm/core/mpu/libarch__arm__core__mpu.a(arm_mpu_regions.c.obj)
                              (--whole-archive)
zephyr/lib/libc/picolibc/liblib__libc__picolibc.a(libc-hooks.c.obj)
                              (--whole-archive)
zephyr/lib/libc/common/liblib__libc__common.a(abort.c.obj)
                              (--whole-archive)
[...]
Memory Configuration

Name             Origin             Length             Attributes
FLASH            0x0000000008000000 0x0000000000040000 xr
RAM              0x0000000020000000 0x0000000000010000 xw
IDT_LIST         0x00000000ffff7fff 0x0000000000008000 xw
*default*        0x0000000000000000 0xffffffffffffffff

Linker script and memory map

                0x0000000008002430                vfprintf = __l_vfprintf
                0x0000000000000000                vfscanf = __l_vfscanf
LOAD zephyr/CMakeFiles/zephyr_final.dir/misc/empty_file.c.obj
LOAD zephyr/CMakeFiles/zephyr_final.dir/isr_tables.c.obj
LOAD zephyr/CMakeFiles/offsets.dir/./arch/arm/core/offsets/offsets.c.obj
LOAD app/libapp.a
LOAD zephyr/libzephyr.a
LOAD zephyr/arch/common/libarch__common.a
LOAD zephyr/arch/arch/arm/core/libarch__arm__core.a
LOAD zephyr/arch/arch/arm/core/cortex_m/libarch__arm__core__cortex_m.a
LOAD zephyr/arch/arch/arm/core/mpu/libarch__arm__core__mpu.a
LOAD zephyr/lib/libc/picolibc/liblib__libc__picolibc.a
LOAD zephyr/lib/libc/common/liblib__libc__common.a
LOAD zephyr/drivers/interrupt_controller/libdrivers__interrupt_controller.a
LOAD zephyr/drivers/clock_control/libdrivers__clock_control.a
LOAD zephyr/drivers/console/libdrivers__console.a
LOAD zephyr/drivers/gpio/libdrivers__gpio.a
LOAD zephyr/drivers/pinctrl/libdrivers__pinctrl.a
LOAD zephyr/drivers/reset/libdrivers__reset.a
LOAD zephyr/drivers/serial/libdrivers__serial.a
LOAD zephyr/drivers/timer/libdrivers__timer.a
LOAD modules/stm32/stm32cube/lib..__modules__hal__stm32__stm32cube.a
LOAD zephyr/kernel/libkernel.a
LOAD /opt/zephyr-sdk-0.16.5/arm-zephyr-eabi/bin/../lib/gcc/arm-zephyr-eabi/12.2.0/thumb/v7e-m/nofp/libgcc.a
LOAD zephyr/arch/common/libisr_tables.a
LOAD /opt/zephyr-sdk-0.16.5/arm-zephyr-eabi/bin/../lib/gcc/../../picolibc/arm-zephyr-eabi/lib/thumb/v7e-m/nofp/libc.a
LOAD /opt/zephyr-sdk-0.16.5/arm-zephyr-eabi/bin/../lib/gcc/arm-zephyr-eabi/12.2.0/thumb/v7e-m/nofp/libgcc.a
                0x0000000000000020                _region_min_align = 0x20

.rel.plt        0x0000000008000000        0x0
 *(SORT_BY_ALIGNMENT(.rel.plt))
                [!provide]                        PROVIDE (__rel_iplt_start = .)
 *(SORT_BY_ALIGNMENT(.rel.iplt))
 .rel.iplt      0x0000000008000000        0x0 zephyr/CMakeFiles/zephyr_final.dir/isr_tables.c.obj
                [!provide]                        PROVIDE (__rel_iplt_end = .)

.rela.plt       0x0000000000000000        0x0
 *(SORT_BY_ALIGNMENT(.rela.plt))
                [!provide]                        PROVIDE (__rela_iplt_start = .)
 *(SORT_BY_ALIGNMENT(.rela.iplt))
                [!provide]                        PROVIDE (__rela_iplt_end = .)

.rel.dyn
 *(SORT_BY_ALIGNMENT(.rel.*))

.rela.dyn
 *(SORT_BY_ALIGNMENT(.rela.*))

/DISCARD/
 *(SORT_BY_ALIGNMENT(.plt))

/DISCARD/
 *(SORT_BY_ALIGNMENT(.iplt))
                0x0000000008000000                __rom_region_start = 0x8000000

rom_start       0x0000000008000000      0x194
                0x0000000008000000                __rom_start_address = .
 FILL mask 0x00
                0x0000000008000000                . = (. + (0x0 - (. - __rom_start_address)))
                0x0000000008000000                . = ALIGN (0x4)
                0x0000000008000000                . = ALIGN (0x80)
                0x0000000008000000                . = ALIGN (0x200)
                0x0000000008000000                _vector_start = .
 *(SORT_BY_ALIGNMENT(.exc_vector_table))
 *(SORT_BY_ALIGNMENT(.exc_vector_table.*))
 .exc_vector_table._vector_table_section
                0x0000000008000000       0x40 zephyr/arch/arch/arm/core/cortex_m/libarch__arm__core__cortex_m.a(vector_table.S.obj)
                0x0000000008000000                _vector_table
 *(SORT_BY_ALIGNMENT(.vectors))
                0x0000000008000194                _vector_end = .
                0x0000000008000040                . = ALIGN (0x4)
 *(SORT_BY_ALIGNMENT(.gnu.linkonce.irq_vector_table*))
 .gnu.linkonce.irq_vector_table
                0x0000000008000040      0x154 zephyr/CMakeFiles/zephyr_final.dir/isr_tables.c.obj
                0x0000000008000040                _irq_vector_table
                0x0000000008000194                _vector_end = .

text            0x0000000008000194     0x32dc
                0x0000000008000194                __text_region_start = .
 *(SORT_BY_ALIGNMENT(.text))
 .text          0x0000000008000194       0x30 /opt/zephyr-sdk-0.16.5/arm-zephyr-eabi/bin/../lib/gcc/arm-zephyr-eabi/12.2.0/thumb/v7e-m/nofp/libgcc.a(_aeabi_uldivmod.o)
                0x0000000008000194                __aeabi_uldivmod
 .text          0x00000000080001c4        0x4 /opt/zephyr-sdk-0.16.5/arm-zephyr-eabi/bin/../lib/gcc/arm-zephyr-eabi/12.2.0/thumb/v7e-m/nofp/libgcc.a(_dvmd_tls.o)
                0x00000000080001c4                __aeabi_ldiv0
                0x00000000080001c4                __aeabi_idiv0
 .text          0x00000000080001c8      0x2a0 /opt/zephyr-sdk-0.16.5/arm-zephyr-eabi/bin/../lib/gcc/arm-zephyr-eabi/12.2.0/thumb/v7e-m/nofp/libgcc.a(_udivmoddi4.o)
                0x00000000080001c8                __udivmoddi4
 *(SORT_BY_ALIGNMENT(.text.*))
 .text.button_pressed
                0x0000000008000468       0x10 app/libapp.a(main.c.obj)
                0x0000000008000468                button_pressed
 .text.main     0x0000000008000478       0x90 app/libapp.a(main.c.obj)
                0x0000000008000478                main
 .text.char_out
                0x0000000008000508        0xc zephyr/libzephyr.a(printk.c.obj)
 .text.vprintk  0x0000000008000514       0x30 zephyr/libzephyr.a(printk.c.obj)
                0x0000000008000514                vprintk
 .text.__printk_hook_install
                0x0000000008000544        0xc zephyr/libzephyr.a(printk.c.obj)
                0x0000000008000544                __printk_hook_install
 .text.z_thread_entry
                0x0000000008000550       0x34 zephyr/libzephyr.a(thread_entry.c.obj)
                0x0000000008000550                z_thread_entry
 .text.st_stm32f4_init
                0x0000000008000584       0x28 zephyr/libzephyr.a(soc.c.obj)
 .text.st_stm32_common_config
                0x00000000080005ac       0x14 zephyr/libzephyr.a(soc_config.c.obj)
 .text.mem_attr_get_regions
                0x00000000080005c0        0xc zephyr/libzephyr.a(mem_attr.c.obj)
                0x00000000080005c0                mem_attr_get_regions
 .text.z_arm_nmi
                0x00000000080005cc       0x14 zephyr/arch/arch/arm/core/libarch__arm__core.a(nmi.c.obj)
                0x00000000080005cc                z_arm_nmi
 .text.z_SysNmiOnReset
                0x00000000080005e0        0x8 zephyr/arch/arch/arm/core/libarch__arm__core.a(nmi_on_reset.S.obj)
                0x00000000080005e0                z_SysNmiOnReset
 .text.arch_tls_stack_setup
                0x00000000080005e8       0x5c zephyr/arch/arch/arm/core/libarch__arm__core.a(tls.c.obj)
                0x00000000080005e8                arch_tls_stack_setup
 .text._HandlerModeExit
                0x0000000008000644       0x1c zephyr/arch/arch/arm/core/cortex_m/libarch__arm__core__cortex_m.a(exc_exit.S.obj)
                0x0000000008000644                z_arm_exc_exit
                0x0000000008000644                z_arm_int_exit
 .text.mem_manage_fault
                0x0000000008000660       0xa0 zephyr/arch/arch/arm/core/cortex_m/libarch__arm__core__cortex_m.a(fault.c.obj)
 .text.usage_fault.constprop.0
                0x0000000008000700       0x54 zephyr/arch/arch/arm/core/cortex_m/libarch__arm__core__cortex_m.a(fault.c.obj)
 .text.bus_fault.constprop.0
                0x0000000008000754       0x6c zephyr/arch/arch/arm/core/cortex_m/libarch__arm__core__cortex_m.a(fault.c.obj)
 .text.z_arm_fault
                0x00000000080007c0      0x128 zephyr/arch/arch/arm/core/cortex_m/libarch__arm__core__cortex_m.a(fault.c.obj)
                0x00000000080007c0                z_arm_fault
 .text.z_arm_fault_init
                0x00000000080008e8       0x10 zephyr/arch/arch/arm/core/cortex_m/libarch__arm__core__cortex_m.a(fault.c.obj)
                0x00000000080008e8                z_arm_fault_init
 .text.__fault  0x00000000080008f8       0x14 zephyr/arch/arch/arm/core/cortex_m/libarch__arm__core__cortex_m.a(fault_s.S.obj)
                0x00000000080008f8                z_arm_bus_fault
                0x00000000080008f8                z_arm_usage_fault
                0x00000000080008f8                z_arm_mpu_fault
                0x00000000080008f8                z_arm_exc_spurious
                0x00000000080008f8                z_arm_debug_monitor
                0x00000000080008f8                z_arm_hard_fault
 .text._reset_section
                0x000000000800090c       0x2c zephyr/arch/arch/arm/core/cortex_m/libarch__arm__core__cortex_m.a(reset.S.obj)
                0x000000000800090c                z_arm_reset
                0x000000000800090c                __start
 .text.z_impl_k_thread_abort
                0x0000000008000938       0x2c zephyr/arch/arch/arm/core/cortex_m/libarch__arm__core__cortex_m.a(thread_abort.c.obj)
                0x0000000008000938                z_impl_k_thread_abort
 .text.arch_swap
                0x0000000008000964       0x30 zephyr/arch/arch/arm/core/cortex_m/libarch__arm__core__cortex_m.a(swap.c.obj)
                0x0000000008000964                arch_swap
 .text.z_arm_pendsv
                0x0000000008000994       0x64 zephyr/arch/arch/arm/core/cortex_m/libarch__arm__core__cortex_m.a(swap_helper.S.obj)
                0x0000000008000994                z_arm_pendsv
 .text.z_arm_svc
                0x00000000080009f8       0x20 zephyr/arch/arch/arm/core/cortex_m/libarch__arm__core__cortex_m.a(swap_helper.S.obj)
                0x00000000080009f8                z_arm_svc
 .text.arch_irq_enable
                0x0000000008000a18       0x1c zephyr/arch/arch/arm/core/cortex_m/libarch__arm__core__cortex_m.a(irq_manage.c.obj)
                0x0000000008000a18                arch_irq_enable
 .text.z_arm_irq_priority_set
                0x0000000008000a34       0x30 zephyr/arch/arch/arm/core/cortex_m/libarch__arm__core__cortex_m.a(irq_manage.c.obj)
                0x0000000008000a34                z_arm_irq_priority_set
 .text.z_prep_c
                0x0000000008000a64       0x48 zephyr/arch/arch/arm/core/cortex_m/libarch__arm__core__cortex_m.a(prep_c.c.obj)
                0x0000000008000a64                z_prep_c
 .text.arch_new_thread
                0x0000000008000aac       0x38 zephyr/arch/arch/arm/core/cortex_m/libarch__arm__core__cortex_m.a(thread.c.obj)
                0x0000000008000aac                arch_new_thread
 .text.z_check_thread_stack_fail
                0x0000000008000ae4       0x2c zephyr/arch/arch/arm/core/cortex_m/libarch__arm__core__cortex_m.a(thread.c.obj)
                0x0000000008000ae4                z_check_thread_stack_fail
 .text.arch_switch_to_main_thread
                0x0000000008000b10       0x38 zephyr/arch/arch/arm/core/cortex_m/libarch__arm__core__cortex_m.a(thread.c.obj)
                0x0000000008000b10                arch_switch_to_main_thread
 .text.z_arm_cpu_idle_init
                0x0000000008000b48        0xc zephyr/arch/arch/arm/core/cortex_m/libarch__arm__core__cortex_m.a(cpu_idle.S.obj)
                0x0000000008000b48                z_arm_cpu_idle_init
 .text.arch_cpu_idle
                0x0000000008000b54       0x1c zephyr/arch/arch/arm/core/cortex_m/libarch__arm__core__cortex_m.a(cpu_idle.S.obj)
                0x0000000008000b54                arch_cpu_idle
 .text.z_arm_interrupt_init
                0x0000000008000b70       0x18 zephyr/arch/arch/arm/core/cortex_m/libarch__arm__core__cortex_m.a(irq_init.c.obj)
                0x0000000008000b70                z_arm_interrupt_init
 .text._isr_wrapper
                0x0000000008000b88       0x28 zephyr/arch/arch/arm/core/cortex_m/libarch__arm__core__cortex_m.a(isr_wrapper.S.obj)
                0x0000000008000b88                _isr_wrapper
 .text.z_arm_configure_static_mpu_regions
                0x0000000008000bb0       0x18 zephyr/arch/arch/arm/core/mpu/libarch__arm__core__mpu.a(arm_core_mpu.c.obj)
                0x0000000008000bb0                z_arm_configure_static_mpu_regions
 .text.z_arm_configure_dynamic_mpu_regions
                0x0000000008000bc8       0x20 zephyr/arch/arch/arm/core/mpu/libarch__arm__core__mpu.a(arm_core_mpu.c.obj)
                0x0000000008000bc8                z_arm_configure_dynamic_mpu_regions
 .text.region_init
                0x0000000008000be8       0x28 zephyr/arch/arch/arm/core/mpu/libarch__arm__core__mpu.a(arm_mpu.c.obj)
 .text.mpu_configure_regions
                0x0000000008000c10       0x6c zephyr/arch/arch/arm/core/mpu/libarch__arm__core__mpu.a(arm_mpu.c.obj)
 .text.arm_core_mpu_enable
                0x0000000008000c7c       0x18 zephyr/arch/arch/arm/core/mpu/libarch__arm__core__mpu.a(arm_mpu.c.obj)
                0x0000000008000c7c                arm_core_mpu_enable
 .text.arm_core_mpu_disable
                0x0000000008000c94       0x14 zephyr/arch/arch/arm/core/mpu/libarch__arm__core__mpu.a(arm_mpu.c.obj)
                0x0000000008000c94                arm_core_mpu_disable
 .text.arm_core_mpu_configure_static_mpu_regions
                0x0000000008000ca8       0x14 zephyr/arch/arch/arm/core/mpu/libarch__arm__core__mpu.a(arm_mpu.c.obj)
                0x0000000008000ca8                arm_core_mpu_configure_static_mpu_regions
 .text.arm_core_mpu_configure_dynamic_mpu_regions
                0x0000000008000cbc       0x38 zephyr/arch/arch/arm/core/mpu/libarch__arm__core__mpu.a(arm_mpu.c.obj)
                0x0000000008000cbc                arm_core_mpu_configure_dynamic_mpu_regions
 .text.z_arm_mpu_init
                0x0000000008000cf4      0x160 zephyr/arch/arch/arm/core/mpu/libarch__arm__core__mpu.a(arm_mpu.c.obj)
                0x0000000008000cf4                z_arm_mpu_init
 .text.z_impl_zephyr_fputc
                0x0000000008000e54       0x10 zephyr/lib/libc/picolibc/liblib__libc__picolibc.a(libc-hooks.c.obj)
                0x0000000008000e54                z_impl_zephyr_fputc
 .text.__stdout_hook_install
                0x0000000008000e64       0x18 zephyr/lib/libc/picolibc/liblib__libc__picolibc.a(libc-hooks.c.obj)
                0x0000000008000e64                __stdout_hook_install
 .text.malloc_prepare
                0x0000000008000e7c       0x24 zephyr/lib/libc/common/liblib__libc__common.a(malloc.c.obj)
 .text.stm32_exti_isr
                0x0000000008000ea0       0x4c zephyr/drivers/interrupt_controller/libdrivers__interrupt_controller.a(intc_exti_stm32.c.obj)
 .text.stm32_fill_irq_table
                0x0000000008000eec       0x18 zephyr/drivers/interrupt_controller/libdrivers__interrupt_controller.a(intc_exti_stm32.c.obj)
 .text.stm32_exti_enable
                0x0000000008000f04       0x24 zephyr/drivers/interrupt_controller/libdrivers__interrupt_controller.a(intc_exti_stm32.c.obj)
                0x0000000008000f04                stm32_exti_enable
 .text.stm32_exti_disable
                0x0000000008000f28       0x18 zephyr/drivers/interrupt_controller/libdrivers__interrupt_controller.a(intc_exti_stm32.c.obj)
                0x0000000008000f28                stm32_exti_disable
 .text.stm32_exti_trigger
                0x0000000008000f40       0x60 zephyr/drivers/interrupt_controller/libdrivers__interrupt_controller.a(intc_exti_stm32.c.obj)
                0x0000000008000f40                stm32_exti_trigger
 .text.stm32_exti_set_callback
                0x0000000008000fa0       0x30 zephyr/drivers/interrupt_controller/libdrivers__interrupt_controller.a(intc_exti_stm32.c.obj)
                0x0000000008000fa0                stm32_exti_set_callback
 .text.stm32_exti_unset_callback
                0x0000000008000fd0       0x14 zephyr/drivers/interrupt_controller/libdrivers__interrupt_controller.a(intc_exti_stm32.c.obj)
                0x0000000008000fd0                stm32_exti_unset_callback
 .text.stm32_clock_control_get_subsys_rate
                0x0000000008000fe4       0x8c zephyr/drivers/clock_control/libdrivers__clock_control.a(clock_stm32_ll_common.c.obj)
 .text.stm32_clock_control_init
                0x0000000008001070      0x118 zephyr/drivers/clock_control/libdrivers__clock_control.a(clock_stm32_ll_common.c.obj)
                0x0000000008001070                stm32_clock_control_init
 .text.get_pllsrc_frequency
                0x0000000008001188        0x8 zephyr/drivers/clock_control/libdrivers__clock_control.a(clock_stm32f2_f4_f7.c.obj)
                0x0000000008001188                get_pllsrc_frequency
 .text.config_pll_sysclock
                0x0000000008001190       0x28 zephyr/drivers/clock_control/libdrivers__clock_control.a(clock_stm32f2_f4_f7.c.obj)
                0x0000000008001190                config_pll_sysclock
 .text.config_enable_default_clocks
                0x00000000080011b8       0x20 zephyr/drivers/clock_control/libdrivers__clock_control.a(clock_stm32f2_f4_f7.c.obj)
                0x00000000080011b8                config_enable_default_clocks
 .text.uart_console_init
                0x00000000080011d8       0x28 zephyr/drivers/console/libdrivers__console.a(uart_console.c.obj)
 .text.console_out
                0x0000000008001200       0x28 zephyr/drivers/console/libdrivers__console.a(uart_console.c.obj)
 .text.gpio_stm32_init
                0x0000000008001228       0x30 zephyr/drivers/gpio/libdrivers__gpio.a(gpio_stm32.c.obj)
 .text.gpio_stm32_pin_interrupt_configure
                0x0000000008001258      0x104 zephyr/drivers/gpio/libdrivers__gpio.a(gpio_stm32.c.obj)
 .text.pinctrl_configure_pins
                0x000000000800135c       0x84 zephyr/drivers/pinctrl/libdrivers__pinctrl.a(pinctrl_stm32.c.obj)
                0x000000000800135c                pinctrl_configure_pins
 .text.uart_stm32_irq_err_enable
                0x00000000080013e0       0x5c zephyr/drivers/serial/libdrivers__serial.a(uart_stm32.c.obj)
 .text.uart_stm32_irq_err_disable
                0x000000000800143c       0x5c zephyr/drivers/serial/libdrivers__serial.a(uart_stm32.c.obj)
 .text.uart_stm32_parameters_set
                0x0000000008001498       0xf8 zephyr/drivers/serial/libdrivers__serial.a(uart_stm32.c.obj)
 .text.uart_stm32_configure
                0x0000000008001590      0x140 zephyr/drivers/serial/libdrivers__serial.a(uart_stm32.c.obj)
 .text.uart_stm32_init
                0x00000000080016d0       0xb4 zephyr/drivers/serial/libdrivers__serial.a(uart_stm32.c.obj)
 .text.elapsed  0x0000000008001784       0x4c zephyr/drivers/timer/libdrivers__timer.a(cortex_m_systick.c.obj)
 .text.sys_clock_driver_init
                0x00000000080017d0       0x38 zephyr/drivers/timer/libdrivers__timer.a(cortex_m_systick.c.obj)
 .text.sys_clock_isr
                0x0000000008001808       0x54 zephyr/drivers/timer/libdrivers__timer.a(cortex_m_systick.c.obj)
                0x0000000008001808                sys_clock_isr
 .text.sys_clock_set_timeout
                0x000000000800185c       0xfc zephyr/drivers/timer/libdrivers__timer.a(cortex_m_systick.c.obj)
                0x000000000800185c                sys_clock_set_timeout
 .text.sys_clock_elapsed
                0x0000000008001958       0x3c zephyr/drivers/timer/libdrivers__timer.a(cortex_m_systick.c.obj)
                0x0000000008001958                sys_clock_elapsed
 .text.HAL_RCC_GetSysClockFreq
                0x0000000008001994       0x5c modules/stm32/stm32cube/lib..__modules__hal__stm32__stm32cube.a(stm32f4xx_hal_rcc.c.obj)
                0x0000000008001994                HAL_RCC_GetSysClockFreq
 .text.LL_SetFlashLatency
                0x00000000080019f0       0x9c modules/stm32/stm32cube/lib..__modules__hal__stm32__stm32cube.a(stm32f4xx_ll_utils.c.obj)
                0x00000000080019f0                LL_SetFlashLatency
 .text.z_fatal_error
                0x0000000008001a8c       0x30 zephyr/kernel/libkernel.a(fatal.c.obj)
                0x0000000008001a8c                z_fatal_error
 .text.z_sys_init_run_level
                0x0000000008001abc       0x48 zephyr/kernel/libkernel.a(init.c.obj)
 .text.bg_thread_main
                0x0000000008001b04       0x34 zephyr/kernel/libkernel.a(init.c.obj)
 .text.z_bss_zero
                0x0000000008001b38       0x18 zephyr/kernel/libkernel.a(init.c.obj)
                0x0000000008001b38                z_bss_zero
 .text.z_init_cpu
                0x0000000008001b50       0x8c zephyr/kernel/libkernel.a(init.c.obj)
                0x0000000008001b50                z_init_cpu
 .text.z_cstart
                0x0000000008001bdc       0xd8 zephyr/kernel/libkernel.a(init.c.obj)
                0x0000000008001bdc                z_cstart
 .text.z_setup_new_thread
                0x0000000008001cb4       0x90 zephyr/kernel/libkernel.a(thread.c.obj)
                0x0000000008001cb4                z_setup_new_thread
 .text.z_init_static_threads
                0x0000000008001d44       0x98 zephyr/kernel/libkernel.a(thread.c.obj)
                0x0000000008001d44                z_init_static_threads
 .text.sliceable
                0x0000000008001ddc       0x3c zephyr/kernel/libkernel.a(sched.c.obj)
 .text.slice_timeout
                0x0000000008001e18       0x20 zephyr/kernel/libkernel.a(sched.c.obj)
 .text.z_reset_time_slice
                0x0000000008001e38       0x50 zephyr/kernel/libkernel.a(sched.c.obj)
                0x0000000008001e38                z_reset_time_slice
 .text.update_cache
                0x0000000008001e88       0x3c zephyr/kernel/libkernel.a(sched.c.obj)
 .text.move_thread_to_end_of_prio_q
                0x0000000008001ec4       0x74 zephyr/kernel/libkernel.a(sched.c.obj)
 .text.ready_thread
                0x0000000008001f38       0x68 zephyr/kernel/libkernel.a(sched.c.obj)
 .text.z_thread_halt
                0x0000000008001fa0       0xa0 zephyr/kernel/libkernel.a(sched.c.obj)
 .text.z_time_slice
                0x0000000008002040       0x60 zephyr/kernel/libkernel.a(sched.c.obj)
                0x0000000008002040                z_time_slice
 .text.z_reschedule
                0x00000000080020a0       0x24 zephyr/kernel/libkernel.a(sched.c.obj)
                0x00000000080020a0                z_reschedule
 .text.z_sched_start
                0x00000000080020c4       0x3c zephyr/kernel/libkernel.a(sched.c.obj)
                0x00000000080020c4                z_sched_start
 .text.z_reschedule_irqlock
                0x0000000008002100       0x28 zephyr/kernel/libkernel.a(sched.c.obj)
                0x0000000008002100                z_reschedule_irqlock
 .text.k_sched_lock
                0x0000000008002128       0x28 zephyr/kernel/libkernel.a(sched.c.obj)
                0x0000000008002128                k_sched_lock
 .text.k_sched_unlock
                0x0000000008002150       0x38 zephyr/kernel/libkernel.a(sched.c.obj)
                0x0000000008002150                k_sched_unlock
 .text.z_sched_init
                0x0000000008002188       0x10 zephyr/kernel/libkernel.a(sched.c.obj)
                0x0000000008002188                z_sched_init
 .text.z_impl_k_sched_current_thread_query
                0x0000000008002198        0xc zephyr/kernel/libkernel.a(sched.c.obj)
                0x0000000008002198                z_impl_k_sched_current_thread_query
 .text.z_data_copy
                0x00000000080021a4       0x34 zephyr/kernel/libkernel.a(xip.c.obj)
                0x00000000080021a4                z_data_copy
 .text.elapsed  0x00000000080021d8       0x14 zephyr/kernel/libkernel.a(timeout.c.obj)
 .text.next_timeout
                0x00000000080021ec       0x40 zephyr/kernel/libkernel.a(timeout.c.obj)
 .text.remove_timeout
                0x000000000800222c       0x38 zephyr/kernel/libkernel.a(timeout.c.obj)
 .text.z_add_timeout
                0x0000000008002264       0xec zephyr/kernel/libkernel.a(timeout.c.obj)
                0x0000000008002264                z_add_timeout
 .text.sys_clock_announce
                0x0000000008002350       0xd4 zephyr/kernel/libkernel.a(timeout.c.obj)
                0x0000000008002350                sys_clock_announce
 .text.boot_banner
                0x0000000008002424        0xc zephyr/kernel/libkernel.a(banner.c.obj)
                0x0000000008002424                boot_banner
 .text.__l_vfprintf
                0x0000000008002430      0x4b8 /opt/zephyr-sdk-0.16.5/arm-zephyr-eabi/bin/../lib/gcc/../../picolibc/arm-zephyr-eabi/lib/thumb/v7e-m/nofp/libc.a(libc_tinystdio_vflprintf.c.o)
                0x0000000008002430                __l_vfprintf
 .text._OffsetAbsSyms
                0x00000000080028e8        0x2 zephyr/CMakeFiles/offsets.dir/./arch/arm/core/offsets/offsets.c.obj
                0x00000000080028e8                _OffsetAbsSyms
 .text.gpio_pin_configure_dt.isra.0
                0x00000000080028ea       0x3e app/libapp.a(main.c.obj)
 .text.chunk_size
                0x0000000008002928        0xa zephyr/libzephyr.a(heap.c.obj)
 .text.free_list_add
                0x0000000008002932       0x4e zephyr/libzephyr.a(heap.c.obj)
 .text.sys_heap_init
                0x0000000008002980       0x7a zephyr/libzephyr.a(heap.c.obj)
                0x0000000008002980                sys_heap_init
 .text.arch_printk_char_out
                0x00000000080029fa        0x4 zephyr/libzephyr.a(printk.c.obj)
                0x00000000080029fa                arch_printk_char_out
 .text.printk   0x00000000080029fe       0x1a zephyr/libzephyr.a(printk.c.obj)
                0x00000000080029fe                printk
 .text._ConfigAbsSyms
                0x0000000008002a18        0x2 zephyr/libzephyr.a(configs.c.obj)
                0x0000000008002a18                _ConfigAbsSyms
 .text.z_arm_fatal_error
                0x0000000008002a1a        0x4 zephyr/arch/arch/arm/core/libarch__arm__core.a(fatal.c.obj)
                0x0000000008002a1a                z_arm_fatal_error
 .text.z_do_kernel_oops
                0x0000000008002a1e        0x8 zephyr/arch/arch/arm/core/libarch__arm__core.a(fatal.c.obj)
                0x0000000008002a1e                z_do_kernel_oops
 .text.z_irq_spurious
                0x0000000008002a26        0x8 zephyr/arch/arch/arm/core/cortex_m/libarch__arm__core__cortex_m.a(irq_manage.c.obj)
                0x0000000008002a26                z_irq_spurious
 .text.size_to_mpu_rasr_size
                0x0000000008002a2e       0x20 zephyr/arch/arch/arm/core/mpu/libarch__arm__core__mpu.a(arm_mpu.c.obj)
 .text.picolibc_put
                0x0000000008002a4e        0xa zephyr/lib/libc/picolibc/liblib__libc__picolibc.a(libc-hooks.c.obj)
 .text.stm32_exti_init
                0x0000000008002a58       0x92 zephyr/drivers/interrupt_controller/libdrivers__interrupt_controller.a(intc_exti_stm32.c.obj)
 .text.stm32_clock_control_on
                0x0000000008002aea       0x24 zephyr/drivers/clock_control/libdrivers__clock_control.a(clock_stm32_ll_common.c.obj)
 .text.stm32_clock_control_off
                0x0000000008002b0e       0x24 zephyr/drivers/clock_control/libdrivers__clock_control.a(clock_stm32_ll_common.c.obj)
 .text.stm32_clock_control_get_status
                0x0000000008002b32       0x34 zephyr/drivers/clock_control/libdrivers__clock_control.a(clock_stm32_ll_common.c.obj)
 .text.stm32_clock_control_configure
                0x0000000008002b66       0x58 zephyr/drivers/clock_control/libdrivers__clock_control.a(clock_stm32_ll_common.c.obj)
 .text.gpio_stm32_port_get_raw
                0x0000000008002bbe        0xc zephyr/drivers/gpio/libdrivers__gpio.a(gpio_stm32.c.obj)
 .text.gpio_stm32_port_set_masked_raw
                0x0000000008002bca       0x12 zephyr/drivers/gpio/libdrivers__gpio.a(gpio_stm32.c.obj)
 .text.gpio_stm32_port_set_bits_raw
                0x0000000008002bdc        0xa zephyr/drivers/gpio/libdrivers__gpio.a(gpio_stm32.c.obj)
 .text.gpio_stm32_port_clear_bits_raw
                0x0000000008002be6        0xc zephyr/drivers/gpio/libdrivers__gpio.a(gpio_stm32.c.obj)
 .text.gpio_stm32_port_toggle_bits
                0x0000000008002bf2        0xe zephyr/drivers/gpio/libdrivers__gpio.a(gpio_stm32.c.obj)
 .text.gpio_stm32_manage_callback
                0x0000000008002c00       0x52 zephyr/drivers/gpio/libdrivers__gpio.a(gpio_stm32.c.obj)
 .text.gpio_stm32_configure_raw.isra.0
                0x0000000008002c52      0x106 zephyr/drivers/gpio/libdrivers__gpio.a(gpio_stm32.c.obj)
 .text.gpio_stm32_config
                0x0000000008002d58       0x78 zephyr/drivers/gpio/libdrivers__gpio.a(gpio_stm32.c.obj)
 .text.gpio_stm32_isr
                0x0000000008002dd0       0x2e zephyr/drivers/gpio/libdrivers__gpio.a(gpio_stm32.c.obj)
 .text.gpio_stm32_configure
                0x0000000008002dfe       0x30 zephyr/drivers/gpio/libdrivers__gpio.a(gpio_stm32.c.obj)
                0x0000000008002dfe                gpio_stm32_configure
 .text.pinctrl_lookup_state
                0x0000000008002e2e       0x26 zephyr/drivers/pinctrl/libdrivers__pinctrl.a(common.c.obj)
                0x0000000008002e2e                pinctrl_lookup_state
 .text.reset_stm32_status
                0x0000000008002e54       0x20 zephyr/drivers/reset/libdrivers__reset.a(reset_stm32.c.obj)
 .text.reset_stm32_line_assert
                0x0000000008002e74       0x1c zephyr/drivers/reset/libdrivers__reset.a(reset_stm32.c.obj)
 .text.reset_stm32_line_deassert
                0x0000000008002e90       0x1e zephyr/drivers/reset/libdrivers__reset.a(reset_stm32.c.obj)
 .text.reset_stm32_line_toggle
                0x0000000008002eae       0x16 zephyr/drivers/reset/libdrivers__reset.a(reset_stm32.c.obj)
 .text.LL_USART_ClearFlag_PE
                0x0000000008002ec4       0x12 zephyr/drivers/serial/libdrivers__serial.a(uart_stm32.c.obj)
 .text.uart_stm32_err_check
                0x0000000008002ed6       0x66 zephyr/drivers/serial/libdrivers__serial.a(uart_stm32.c.obj)
 .text.uart_stm32_irq_tx_enable
                0x0000000008002f3c       0x1e zephyr/drivers/serial/libdrivers__serial.a(uart_stm32.c.obj)
 .text.uart_stm32_irq_tx_disable
                0x0000000008002f5a       0x1e zephyr/drivers/serial/libdrivers__serial.a(uart_stm32.c.obj)
 .text.uart_stm32_irq_tx_ready
                0x0000000008002f78       0x14 zephyr/drivers/serial/libdrivers__serial.a(uart_stm32.c.obj)
 .text.uart_stm32_irq_tx_complete
                0x0000000008002f8c        0xc zephyr/drivers/serial/libdrivers__serial.a(uart_stm32.c.obj)
 .text.uart_stm32_irq_rx_enable
                0x0000000008002f98       0x1e zephyr/drivers/serial/libdrivers__serial.a(uart_stm32.c.obj)
 .text.uart_stm32_irq_rx_disable
                0x0000000008002fb6       0x1e zephyr/drivers/serial/libdrivers__serial.a(uart_stm32.c.obj)
 .text.uart_stm32_irq_rx_ready
                0x0000000008002fd4        0xc zephyr/drivers/serial/libdrivers__serial.a(uart_stm32.c.obj)
 .text.uart_stm32_irq_is_pending
                0x0000000008002fe0       0x24 zephyr/drivers/serial/libdrivers__serial.a(uart_stm32.c.obj)
 .text.uart_stm32_irq_update
                0x0000000008003004        0x4 zephyr/drivers/serial/libdrivers__serial.a(uart_stm32.c.obj)
 .text.uart_stm32_irq_callback_set
                0x0000000008003008        0x8 zephyr/drivers/serial/libdrivers__serial.a(uart_stm32.c.obj)
 .text.uart_stm32_isr
                0x0000000008003010        0xc zephyr/drivers/serial/libdrivers__serial.a(uart_stm32.c.obj)
 .text.uart_stm32_irq_config_func_0
                0x000000000800301c       0x16 zephyr/drivers/serial/libdrivers__serial.a(uart_stm32.c.obj)
 .text.uart_stm32_set_baudrate
                0x0000000008003032       0x54 zephyr/drivers/serial/libdrivers__serial.a(uart_stm32.c.obj)
 .text.uart_stm32_poll_out
                0x0000000008003086       0x3a zephyr/drivers/serial/libdrivers__serial.a(uart_stm32.c.obj)
 .text.uart_stm32_poll_in
                0x00000000080030c0       0x22 zephyr/drivers/serial/libdrivers__serial.a(uart_stm32.c.obj)
 .text.uart_stm32_fifo_read
                0x00000000080030e2       0x44 zephyr/drivers/serial/libdrivers__serial.a(uart_stm32.c.obj)
 .text.uart_stm32_fifo_fill
                0x0000000008003126       0x5c zephyr/drivers/serial/libdrivers__serial.a(uart_stm32.c.obj)
 .text.uart_stm32_config_get
                0x0000000008003182       0x8e zephyr/drivers/serial/libdrivers__serial.a(uart_stm32.c.obj)
 .text.z_device_state_init
                0x0000000008003210        0x2 zephyr/kernel/libkernel.a(device.c.obj)
                0x0000000008003210                z_device_state_init
 .text.z_device_is_ready
                0x0000000008003212       0x16 zephyr/kernel/libkernel.a(device.c.obj)
                0x0000000008003212                z_device_is_ready
 .text.arch_system_halt
                0x0000000008003228       0x12 zephyr/kernel/libkernel.a(fatal.c.obj)
                0x0000000008003228                arch_system_halt
 .text.k_sys_fatal_error_handler
                0x000000000800323a        0x6 zephyr/kernel/libkernel.a(fatal.c.obj)
                0x000000000800323a                k_sys_fatal_error_handler
 .text.z_early_memset
                0x0000000008003240        0x4 zephyr/kernel/libkernel.a(init.c.obj)
                0x0000000008003240                z_early_memset
 .text.z_early_memcpy
                0x0000000008003244        0x4 zephyr/kernel/libkernel.a(init.c.obj)
                0x0000000008003244                z_early_memcpy
 .text.sys_dlist_remove
                0x0000000008003248       0x10 zephyr/kernel/libkernel.a(sched.c.obj)
 .text.unpend_thread_no_timeout
                0x0000000008003258       0x14 zephyr/kernel/libkernel.a(sched.c.obj)
 .text.z_ready_thread
                0x000000000800326c       0x20 zephyr/kernel/libkernel.a(sched.c.obj)
                0x000000000800326c                z_ready_thread
 .text.z_sched_wake_thread
                0x000000000800328c       0x44 zephyr/kernel/libkernel.a(sched.c.obj)
                0x000000000800328c                z_sched_wake_thread
 .text.z_thread_timeout
                0x00000000080032d0        0x8 zephyr/kernel/libkernel.a(sched.c.obj)
                0x00000000080032d0                z_thread_timeout
 .text.z_reschedule_unlocked
                0x00000000080032d8       0x14 zephyr/kernel/libkernel.a(sched.c.obj)
 .text.z_thread_abort
                0x00000000080032ec       0x42 zephyr/kernel/libkernel.a(sched.c.obj)
                0x00000000080032ec                z_thread_abort
 .text.idle     0x000000000800332e       0x18 zephyr/kernel/libkernel.a(idle.c.obj)
                0x000000000800332e                idle
 .text.z_abort_timeout
                0x0000000008003346       0x2c zephyr/kernel/libkernel.a(timeout.c.obj)
                0x0000000008003346                z_abort_timeout
 .text.strnlen  0x0000000008003372       0x18 /opt/zephyr-sdk-0.16.5/arm-zephyr-eabi/bin/../lib/gcc/../../picolibc/arm-zephyr-eabi/lib/thumb/v7e-m/nofp/libc.a(libc_string_strnlen.c.o)
                0x0000000008003372                strnlen
 .text.__ultoa_invert
                0x000000000800338a       0xae /opt/zephyr-sdk-0.16.5/arm-zephyr-eabi/bin/../lib/gcc/../../picolibc/arm-zephyr-eabi/lib/thumb/v7e-m/nofp/libc.a(libc_tinystdio_vflprintf.c.o)
 .text.memcpy   0x0000000008003438       0x1c /opt/zephyr-sdk-0.16.5/arm-zephyr-eabi/bin/../lib/gcc/../../picolibc/arm-zephyr-eabi/lib/thumb/v7e-m/nofp/libc.a(memcpy.c.o)
                0x0000000008003438                memcpy
                0x0000000008003438                __aeabi_memcpy
                0x0000000008003438                __aeabi_memcpy4
                0x0000000008003438                __aeabi_memcpy8
 .text.memset   0x0000000008003454       0x10 /opt/zephyr-sdk-0.16.5/arm-zephyr-eabi/bin/../lib/gcc/../../picolibc/arm-zephyr-eabi/lib/thumb/v7e-m/nofp/libc.a(memset.c.o)
                0x0000000008003454                memset
 *(SORT_BY_ALIGNMENT(.TEXT.*))
 .TEXT.__aeabi_read_tp
                0x0000000008003464        0xc zephyr/arch/arch/arm/core/cortex_m/libarch__arm__core__cortex_m.a(__aeabi_read_tp.S.obj)
                0x0000000008003464                __aeabi_read_tp
 *(SORT_BY_ALIGNMENT(.gnu.linkonce.t.*))
 *(SORT_BY_ALIGNMENT(.glue_7t))
 .glue_7t       0x0000000008003470        0x0 linker stubs
 *(SORT_BY_ALIGNMENT(.glue_7))
 .glue_7        0x0000000008003470        0x0 linker stubs
 *(SORT_BY_ALIGNMENT(.vfp11_veneer))
 .vfp11_veneer  0x0000000008003470        0x0 linker stubs
 *(SORT_BY_ALIGNMENT(.v4_bx))
 .v4_bx         0x0000000008003470        0x0 linker stubs
                0x0000000008003470                . = ALIGN (0x4)
                0x0000000008003470                __text_region_end = .

.ARM.exidx      0x0000000008003470        0x8
                0x0000000008003470                __exidx_start = .
 *(SORT_BY_ALIGNMENT(.ARM.exidx*) SORT_BY_ALIGNMENT(gnu.linkonce.armexidx.*))
 .ARM.exidx     0x0000000008003470        0x8 /opt/zephyr-sdk-0.16.5/arm-zephyr-eabi/bin/../lib/gcc/arm-zephyr-eabi/12.2.0/thumb/v7e-m/nofp/libgcc.a(_udivmoddi4.o)
                0x0000000008003478                __exidx_end = .
                0x0000000008003478                __rodata_region_start = .

initlevel       0x0000000008003478       0x88
                0x0000000008003478                __init_start = .
                0x0000000008003478                __init_EARLY_start = .
 *(SORT_BY_NAME(SORT_BY_ALIGNMENT(.z_init_EARLY?_*)))
 *(SORT_BY_NAME(SORT_BY_ALIGNMENT(.z_init_EARLY??_*)))
                0x0000000008003478                __init_PRE_KERNEL_1_start = .
 *(SORT_BY_NAME(SORT_BY_ALIGNMENT(.z_init_PRE_KERNEL_1?_*)))
 .z_init_PRE_KERNEL_10_0_
                0x0000000008003478        0x8 zephyr/libzephyr.a(soc.c.obj)
 .z_init_PRE_KERNEL_11_00008_
                0x0000000008003480        0x8 zephyr/drivers/clock_control/libdrivers__clock_control.a(clock_stm32_ll_common.c.obj)
 .z_init_PRE_KERNEL_11_0_
                0x0000000008003488        0x8 zephyr/libzephyr.a(soc_config.c.obj)
 *(SORT_BY_NAME(SORT_BY_ALIGNMENT(.z_init_PRE_KERNEL_1??_*)))
 .z_init_PRE_KERNEL_135_00043_
                0x0000000008003490        0x8 zephyr/drivers/reset/libdrivers__reset.a(reset_stm32.c.obj)
 .z_init_PRE_KERNEL_140_00032_
                0x0000000008003498        0x8 zephyr/drivers/gpio/libdrivers__gpio.a(gpio_stm32.c.obj)
 .z_init_PRE_KERNEL_140_00035_
                0x00000000080034a0        0x8 zephyr/drivers/gpio/libdrivers__gpio.a(gpio_stm32.c.obj)
 .z_init_PRE_KERNEL_140_00042_
                0x00000000080034a8        0x8 zephyr/drivers/interrupt_controller/libdrivers__interrupt_controller.a(intc_exti_stm32.c.obj)
 .z_init_PRE_KERNEL_140_00072_
                0x00000000080034b0        0x8 zephyr/drivers/gpio/libdrivers__gpio.a(gpio_stm32.c.obj)
 .z_init_PRE_KERNEL_140_00073_
                0x00000000080034b8        0x8 zephyr/drivers/gpio/libdrivers__gpio.a(gpio_stm32.c.obj)
 .z_init_PRE_KERNEL_140_00074_
                0x00000000080034c0        0x8 zephyr/drivers/gpio/libdrivers__gpio.a(gpio_stm32.c.obj)
 .z_init_PRE_KERNEL_140_00075_
                0x00000000080034c8        0x8 zephyr/drivers/gpio/libdrivers__gpio.a(gpio_stm32.c.obj)
 .z_init_PRE_KERNEL_140_00076_
                0x00000000080034d0        0x8 zephyr/drivers/gpio/libdrivers__gpio.a(gpio_stm32.c.obj)
 .z_init_PRE_KERNEL_140_00077_
                0x00000000080034d8        0x8 zephyr/drivers/gpio/libdrivers__gpio.a(gpio_stm32.c.obj)
 .z_init_PRE_KERNEL_155_00048_
                0x00000000080034e0        0x8 zephyr/drivers/serial/libdrivers__serial.a(uart_stm32.c.obj)
 .z_init_PRE_KERNEL_160_0_
                0x00000000080034e8        0x8 zephyr/drivers/console/libdrivers__console.a(uart_console.c.obj)
                0x00000000080034f0                __init_PRE_KERNEL_2_start = .
 *(SORT_BY_NAME(SORT_BY_ALIGNMENT(.z_init_PRE_KERNEL_2?_*)))
 .z_init_PRE_KERNEL_20_0_
                0x00000000080034f0        0x8 zephyr/drivers/timer/libdrivers__timer.a(cortex_m_systick.c.obj)
 *(SORT_BY_NAME(SORT_BY_ALIGNMENT(.z_init_PRE_KERNEL_2??_*)))
                0x00000000080034f8                __init_POST_KERNEL_start = .
 *(SORT_BY_NAME(SORT_BY_ALIGNMENT(.z_init_POST_KERNEL?_*)))
 *(SORT_BY_NAME(SORT_BY_ALIGNMENT(.z_init_POST_KERNEL??_*)))
 .z_init_POST_KERNEL40_0_
                0x00000000080034f8        0x8 zephyr/lib/libc/common/liblib__libc__common.a(malloc.c.obj)
                0x0000000008003500                __init_APPLICATION_start = .
 *(SORT_BY_NAME(SORT_BY_ALIGNMENT(.z_init_APPLICATION?_*)))
 *(SORT_BY_NAME(SORT_BY_ALIGNMENT(.z_init_APPLICATION??_*)))
                0x0000000008003500                __init_SMP_start = .
 *(SORT_BY_NAME(SORT_BY_ALIGNMENT(.z_init_SMP?_*)))
 *(SORT_BY_NAME(SORT_BY_ALIGNMENT(.z_init_SMP??_*)))
                0x0000000008003500                __init_end = .

device_area     0x0000000008003500       0xf0
                0x0000000008003500                _device_list_start = .
 *(SORT_BY_NAME(SORT_BY_ALIGNMENT(._device.static.*_?_*)))
 ._device.static.1_1_
                0x0000000008003500       0x14 zephyr/drivers/clock_control/libdrivers__clock_control.a(clock_stm32_ll_common.c.obj)
                0x0000000008003500                __device_dts_ord_8
 *(SORT_BY_NAME(SORT_BY_ALIGNMENT(._device.static.*_??_*)))
 ._device.static.1_35_
                0x0000000008003514       0x14 zephyr/drivers/reset/libdrivers__reset.a(reset_stm32.c.obj)
                0x0000000008003514                __device_dts_ord_43
 ._device.static.1_40_
                0x0000000008003528       0x14 zephyr/drivers/interrupt_controller/libdrivers__interrupt_controller.a(intc_exti_stm32.c.obj)
                0x0000000008003528                __device_dts_ord_42
 ._device.static.1_40_
                0x000000000800353c       0xa0 zephyr/drivers/gpio/libdrivers__gpio.a(gpio_stm32.c.obj)
                0x000000000800353c                __device_dts_ord_77
                0x0000000008003550                __device_dts_ord_76
                0x0000000008003564                __device_dts_ord_75
                0x0000000008003578                __device_dts_ord_74
                0x000000000800358c                __device_dts_ord_73
                0x00000000080035a0                __device_dts_ord_35
                0x00000000080035b4                __device_dts_ord_72
                0x00000000080035c8                __device_dts_ord_32
 ._device.static.1_55_
                0x00000000080035dc       0x14 zephyr/drivers/serial/libdrivers__serial.a(uart_stm32.c.obj)
                0x00000000080035dc                __device_dts_ord_48
                0x00000000080035f0                _device_list_end = .

sw_isr_table    0x00000000080035f0      0x2a8
                0x00000000080035f0                . = ALIGN (0x4)
 *(SORT_BY_ALIGNMENT(.gnu.linkonce.sw_isr_table*))
 .gnu.linkonce.sw_isr_table
                0x00000000080035f0      0x2a8 zephyr/CMakeFiles/zephyr_final.dir/isr_tables.c.obj
                0x00000000080035f0                _sw_isr_table

initlevel_error
                0x0000000008003478        0x0
 *(SORT_BY_NAME(SORT_BY_ALIGNMENT(.z_init_[_A-Z0-9]*)))
                0x0000000000000001                ASSERT ((SIZEOF (initlevel_error) == 0x0), Undefined initialization levels used.)

app_shmem_regions
                0x0000000008003898        0x0
                0x0000000008003898                __app_shmem_regions_start = .
 *(SORT_BY_NAME(SORT_BY_ALIGNMENT(.app_regions.*)))
                0x0000000008003898                __app_shmem_regions_end = .

k_p4wq_initparam_area
                0x0000000008003898        0x0
                0x0000000008003898                _k_p4wq_initparam_list_start = .
 *(SORT_BY_NAME(SORT_BY_ALIGNMENT(._k_p4wq_initparam.static.*)))
                0x0000000008003898                _k_p4wq_initparam_list_end = .

_static_thread_data_area
                0x0000000008003898        0x0
                0x0000000008003898                __static_thread_data_list_start = .
 *(SORT_BY_NAME(SORT_BY_ALIGNMENT(.__static_thread_data.static.*)))
                0x0000000008003898                __static_thread_data_list_end = .

device_deps     0x0000000008003898        0x0
                0x0000000008003898                __device_deps_start = .
 *(SORT_BY_NAME(SORT_BY_ALIGNMENT(.__device_deps_pass2*)))
                0x0000000008003898                __device_deps_end = .

ztest           0x0000000008003898        0x0
                0x0000000008003898                _ztest_expected_result_entry_list_start = .
 *(SORT_BY_NAME(SORT_BY_ALIGNMENT(._ztest_expected_result_entry.static.*)))
                0x0000000008003898                _ztest_expected_result_entry_list_end = .
                0x0000000008003898                _ztest_suite_node_list_start = .
 *(SORT_BY_NAME(SORT_BY_ALIGNMENT(._ztest_suite_node.static.*)))
                0x0000000008003898                _ztest_suite_node_list_end = .
                0x0000000008003898                _ztest_unit_test_list_start = .
 *(SORT_BY_NAME(SORT_BY_ALIGNMENT(._ztest_unit_test.static.*)))
                0x0000000008003898                _ztest_unit_test_list_end = .
                0x0000000008003898                _ztest_test_rule_list_start = .
 *(SORT_BY_NAME(SORT_BY_ALIGNMENT(._ztest_test_rule.static.*)))
                0x0000000008003898                _ztest_test_rule_list_end = .

bt_l2cap_fixed_chan_area
                0x0000000008003898        0x0
                0x0000000008003898                _bt_l2cap_fixed_chan_list_start = .
 *(SORT_BY_NAME(SORT_BY_ALIGNMENT(._bt_l2cap_fixed_chan.static.*)))
                0x0000000008003898                _bt_l2cap_fixed_chan_list_end = .

bt_gatt_service_static_area
                0x0000000008003898        0x0
                0x0000000008003898                _bt_gatt_service_static_list_start = .
 *(SORT_BY_NAME(SORT_BY_ALIGNMENT(._bt_gatt_service_static.static.*)))
                0x0000000008003898                _bt_gatt_service_static_list_end = .

log_strings_area
                0x0000000008003898        0x0
                0x0000000008003898                _log_strings_list_start = .
 *(SORT_BY_NAME(SORT_BY_ALIGNMENT(._log_strings.static.*)))
                0x0000000008003898                _log_strings_list_end = .

log_const_area  0x0000000008003898        0x0
                0x0000000008003898                _log_const_list_start = .
 *(SORT_BY_NAME(SORT_BY_ALIGNMENT(._log_const.static.*)))
                0x0000000008003898                _log_const_list_end = .

log_backend_area
                0x0000000008003898        0x0
                0x0000000008003898                _log_backend_list_start = .
 *(SORT_BY_NAME(SORT_BY_ALIGNMENT(._log_backend.static.*)))
                0x0000000008003898                _log_backend_list_end = .

log_link_area   0x0000000008003898        0x0
                0x0000000008003898                _log_link_list_start = .
 *(SORT_BY_NAME(SORT_BY_ALIGNMENT(._log_link.static.*)))
                0x0000000008003898                _log_link_list_end = .

tracing_backend_area
                0x0000000008003898        0x0
                0x0000000008003898                _tracing_backend_list_start = .
 *(SORT_BY_NAME(SORT_BY_ALIGNMENT(._tracing_backend.static.*)))
                0x0000000008003898                _tracing_backend_list_end = .

zephyr_dbg_info
 *(SORT_BY_ALIGNMENT(.dbg_thread_info))

symbol_to_keep  0x0000000008003898        0x0
                0x0000000008003898                __symbol_to_keep_start = .
 *(SORT_BY_NAME(SORT_BY_ALIGNMENT(.symbol_to_keep*)))
                0x0000000008003898                __symbol_to_keep_end = .

shell_area      0x0000000008003898        0x0
                0x0000000008003898                _shell_list_start = .
 *(SORT_BY_NAME(SORT_BY_ALIGNMENT(._shell.static.*)))
                0x0000000008003898                _shell_list_end = .

shell_root_cmds_area
                0x0000000008003898        0x0
                0x0000000008003898                _shell_root_cmds_list_start = .
 *(SORT_BY_NAME(SORT_BY_ALIGNMENT(._shell_root_cmds.static.*)))
                0x0000000008003898                _shell_root_cmds_list_end = .

shell_subcmds_area
                0x0000000008003898        0x0
                0x0000000008003898                _shell_subcmds_list_start = .
 *(SORT_BY_NAME(SORT_BY_ALIGNMENT(._shell_subcmds.static.*)))
                0x0000000008003898                _shell_subcmds_list_end = .

shell_dynamic_subcmds_area
                0x0000000008003898        0x0
                0x0000000008003898                _shell_dynamic_subcmds_list_start = .
 *(SORT_BY_NAME(SORT_BY_ALIGNMENT(._shell_dynamic_subcmds.static.*)))
                0x0000000008003898                _shell_dynamic_subcmds_list_end = .

cfb_font_area   0x0000000008003898        0x0
                0x0000000008003898                _cfb_font_list_start = .
 *(SORT_BY_NAME(SORT_BY_ALIGNMENT(._cfb_font.static.*)))
                0x0000000008003898                _cfb_font_list_end = .

tdata           0x0000000008003898        0x0
 *(SORT_BY_ALIGNMENT(.tdata) SORT_BY_ALIGNMENT(.tdata.*) SORT_BY_ALIGNMENT(.gnu.linkonce.td.*))

tbss            0x0000000008003898        0x4
 *(SORT_BY_ALIGNMENT(.tbss) SORT_BY_ALIGNMENT(.tbss.*) SORT_BY_ALIGNMENT(.gnu.linkonce.tb.*) SORT_BY_ALIGNMENT(.tcommon))
 .tbss.z_tls_current
                0x0000000008003898        0x4 zephyr/libzephyr.a(thread_entry.c.obj)
                0x0000000008003898                z_tls_current
                0x0000000008003898                PROVIDE (__tdata_start = LOADADDR (tdata))
                0x0000000000000000                PROVIDE (__tdata_size = SIZEOF (tdata))
                [!provide]                        PROVIDE (__tdata_end = (__tdata_start + __tdata_size))
                0x0000000000000001                PROVIDE (__tdata_align = ALIGNOF (tdata))
                [!provide]                        PROVIDE (__tbss_start = ADDR (tbss))
                0x0000000000000004                PROVIDE (__tbss_size = SIZEOF (tbss))
                [!provide]                        PROVIDE (__tbss_end = (__tbss_start + __tbss_size))
                0x0000000000000004                PROVIDE (__tbss_align = ALIGNOF (tbss))
                [!provide]                        PROVIDE (__tls_start = __tdata_start)
                [!provide]                        PROVIDE (__tls_end = __tbss_end)
                [!provide]                        PROVIDE (__tls_size = (__tbss_end - __tdata_start))

rodata          0x0000000008003898      0x380
 *(SORT_BY_ALIGNMENT(.rodata))
 .rodata        0x0000000008003898        0x8 zephyr/drivers/gpio/libdrivers__gpio.a(gpio_stm32.c.obj)
 *(SORT_BY_ALIGNMENT(.rodata.*))
 .rodata.button
                0x00000000080038a0        0x8 app/libapp.a(main.c.obj)
 .rodata.led    0x00000000080038a8        0x8 app/libapp.a(main.c.obj)
 .rodata.mem_attr_region
                0x00000000080038b0        0x0 zephyr/libzephyr.a(mem_attr.c.obj)
 .rodata.static_regions
                0x00000000080038b0        0xc zephyr/arch/arch/arm/core/mpu/libarch__arm__core__mpu.a(arm_core_mpu.c.obj)
 .rodata.mpu_config
                0x00000000080038bc        0x8 zephyr/arch/arch/arm/core/mpu/libarch__arm__core__mpu.a(arm_mpu_regions.c.obj)
                0x00000000080038bc                mpu_config
 .rodata.mpu_regions
                0x00000000080038c4       0x18 zephyr/arch/arch/arm/core/mpu/libarch__arm__core__mpu.a(arm_mpu_regions.c.obj)
 .rodata.gpio_stm32_cfg_h
                0x00000000080038dc       0x14 zephyr/drivers/gpio/libdrivers__gpio.a(gpio_stm32.c.obj)
 .rodata.gpio_stm32_cfg_g
                0x00000000080038f0       0x14 zephyr/drivers/gpio/libdrivers__gpio.a(gpio_stm32.c.obj)
 .rodata.gpio_stm32_cfg_f
                0x0000000008003904       0x14 zephyr/drivers/gpio/libdrivers__gpio.a(gpio_stm32.c.obj)
 .rodata.gpio_stm32_cfg_e
                0x0000000008003918       0x14 zephyr/drivers/gpio/libdrivers__gpio.a(gpio_stm32.c.obj)
 .rodata.gpio_stm32_cfg_d
                0x000000000800392c       0x14 zephyr/drivers/gpio/libdrivers__gpio.a(gpio_stm32.c.obj)
 .rodata.gpio_stm32_cfg_c
                0x0000000008003940       0x14 zephyr/drivers/gpio/libdrivers__gpio.a(gpio_stm32.c.obj)
 .rodata.gpio_stm32_cfg_b
                0x0000000008003954       0x14 zephyr/drivers/gpio/libdrivers__gpio.a(gpio_stm32.c.obj)
 .rodata.gpio_stm32_cfg_a
                0x0000000008003968       0x14 zephyr/drivers/gpio/libdrivers__gpio.a(gpio_stm32.c.obj)
 .rodata.gpio_stm32_driver
                0x000000000800397c       0x24 zephyr/drivers/gpio/libdrivers__gpio.a(gpio_stm32.c.obj)
 .rodata.gpio_ports
                0x00000000080039a0       0x2c zephyr/drivers/pinctrl/libdrivers__pinctrl.a(pinctrl_stm32.c.obj)
 .rodata.reset_stm32_config
                0x00000000080039cc        0x4 zephyr/drivers/reset/libdrivers__reset.a(reset_stm32.c.obj)
 .rodata.reset_stm32_driver_api
                0x00000000080039d0       0x10 zephyr/drivers/reset/libdrivers__reset.a(reset_stm32.c.obj)
 .rodata.uart_stm32_cfg_0
                0x00000000080039e0       0x28 zephyr/drivers/serial/libdrivers__serial.a(uart_stm32.c.obj)
 .rodata.pclken_0
                0x0000000008003a08        0x8 zephyr/drivers/serial/libdrivers__serial.a(uart_stm32.c.obj)
 .rodata.__pinctrl_dev_config__device_dts_ord_48
                0x0000000008003a10        0x8 zephyr/drivers/serial/libdrivers__serial.a(uart_stm32.c.obj)
 .rodata.__pinctrl_states__device_dts_ord_48
                0x0000000008003a18        0x8 zephyr/drivers/serial/libdrivers__serial.a(uart_stm32.c.obj)
 .rodata.__pinctrl_state_pins_0__device_dts_ord_48
                0x0000000008003a20       0x10 zephyr/drivers/serial/libdrivers__serial.a(uart_stm32.c.obj)
 .rodata.uart_stm32_driver_api
                0x0000000008003a30       0x4c zephyr/drivers/serial/libdrivers__serial.a(uart_stm32.c.obj)
 .rodata.levels.0
                0x0000000008003a7c       0x18 zephyr/kernel/libkernel.a(init.c.obj)
 .rodata.CSWTCH.605
                0x0000000008003a94        0x6 zephyr/drivers/serial/libdrivers__serial.a(uart_stm32.c.obj)
 .rodata.main.str1.1
                0x0000000008003a9a       0x43 app/libapp.a(main.c.obj)
 .rodata.str1.1
                0x0000000008003add        0xf zephyr/arch/arch/arm/core/mpu/libarch__arm__core__mpu.a(arm_mpu_regions.c.obj)
 .rodata.line_range_6.0
                0x0000000008003aec        0x2 zephyr/drivers/interrupt_controller/libdrivers__interrupt_controller.a(intc_exti_stm32.c.obj)
 .rodata.line_range_5.1
                0x0000000008003aee        0x2 zephyr/drivers/interrupt_controller/libdrivers__interrupt_controller.a(intc_exti_stm32.c.obj)
 .rodata.line_range_4.2
                0x0000000008003af0        0x2 zephyr/drivers/interrupt_controller/libdrivers__interrupt_controller.a(intc_exti_stm32.c.obj)
 .rodata.line_range_3.3
                0x0000000008003af2        0x2 zephyr/drivers/interrupt_controller/libdrivers__interrupt_controller.a(intc_exti_stm32.c.obj)
 .rodata.line_range_2.4
                0x0000000008003af4        0x2 zephyr/drivers/interrupt_controller/libdrivers__interrupt_controller.a(intc_exti_stm32.c.obj)
 .rodata.line_range_1.5
                0x0000000008003af6        0x2 zephyr/drivers/interrupt_controller/libdrivers__interrupt_controller.a(intc_exti_stm32.c.obj)
 .rodata.line_range_0.6
                0x0000000008003af8        0x2 zephyr/drivers/interrupt_controller/libdrivers__interrupt_controller.a(intc_exti_stm32.c.obj)
 .rodata.str1.1
                0x0000000008003afa       0x1e zephyr/drivers/interrupt_controller/libdrivers__interrupt_controller.a(intc_exti_stm32.c.obj)
 .rodata.str1.1
                0x0000000008003b18        0xd zephyr/drivers/clock_control/libdrivers__clock_control.a(clock_stm32_ll_common.c.obj)
 .rodata.str1.1
                0x0000000008003b25       0x70 zephyr/drivers/gpio/libdrivers__gpio.a(gpio_stm32.c.obj)
 .rodata.str1.1
                0x0000000008003b95       0x11 zephyr/drivers/reset/libdrivers__reset.a(reset_stm32.c.obj)
 .rodata.str1.1
                0x0000000008003ba6       0x10 zephyr/drivers/serial/libdrivers__serial.a(uart_stm32.c.obj)
 .rodata.AHBPrescTable
                0x0000000008003bb6       0x10 modules/stm32/stm32cube/lib..__modules__hal__stm32__stm32cube.a(system_stm32f4xx.c.obj)
                0x0000000008003bb6                AHBPrescTable
 .rodata.z_cstart.str1.1
                0x0000000008003bc6        0x5 zephyr/kernel/libkernel.a(init.c.obj)
 .rodata.boot_banner.str1.1
                0x0000000008003bcb       0x3c zephyr/kernel/libkernel.a(banner.c.obj)
 .rodata.__l_vfprintf.str1.1
                0x0000000008003c07        0xf /opt/zephyr-sdk-0.16.5/arm-zephyr-eabi/bin/../lib/gcc/../../picolibc/arm-zephyr-eabi/lib/thumb/v7e-m/nofp/libc.a(libc_tinystdio_vflprintf.c.o)
 *(SORT_BY_ALIGNMENT(.gnu.linkonce.r.*))
                0x0000000008003c18                . = ALIGN (0x4)
 *fill*         0x0000000008003c16        0x2 
                0x0000000008003c18                __rodata_region_end = .
                0x0000000008003c20                . = ALIGN (_region_min_align)
                0x0000000008004000                . = ALIGN ((0x1 << LOG2CEIL ((__rodata_region_end - ADDR (rom_start)))))
                0x0000000008004000                __rom_region_end = ((__rom_region_start + .) - ADDR (rom_start))

/DISCARD/
 *(SORT_BY_ALIGNMENT(.got.plt))
 *(SORT_BY_ALIGNMENT(.igot.plt))
 *(SORT_BY_ALIGNMENT(.got))
 *(SORT_BY_ALIGNMENT(.igot))
                0x0000000020000000                . = 0x20000000
                0x0000000020000000                . = ALIGN (_region_min_align)
                0x0000000020000000                _image_ram_start = .

.ramfunc        0x0000000020000000        0x0 load address 0x0000000008003c18
                0x0000000020000000                . = ALIGN (_region_min_align)
                0x0000000020000000                . = ALIGN ((0x1 << LOG2CEIL (__ramfunc_size)))
                0x0000000020000000                __ramfunc_start = .
 *(SORT_BY_ALIGNMENT(.ramfunc))
 *(SORT_BY_ALIGNMENT(.ramfunc.*))
                0x0000000020000000                . = ALIGN (_region_min_align)
                0x0000000020000000                . = ALIGN ((0x1 << LOG2CEIL (__ramfunc_size)))
                0x0000000020000000                __ramfunc_end = .
                0x0000000000000000                __ramfunc_size = (__ramfunc_end - __ramfunc_start)
                0x0000000008003c18                __ramfunc_load_start = LOADADDR (.ramfunc)

datas           0x0000000020000000       0x68 load address 0x0000000008003c18
                0x0000000020000000                __data_region_start = .
                0x0000000020000000                __data_start = .
 *(SORT_BY_ALIGNMENT(.data))
 *(SORT_BY_ALIGNMENT(.data.*))
 .data._char_out
                0x0000000020000000        0x4 zephyr/libzephyr.a(printk.c.obj)
                0x0000000020000000                _char_out
 .data.handler  0x0000000020000004        0x4 zephyr/arch/arch/arm/core/libarch__arm__core.a(nmi.c.obj)
 .data.__stdout
                0x0000000020000008       0x10 zephyr/lib/libc/picolibc/liblib__libc__picolibc.a(libc-hooks.c.obj)
 .data.stm32_clock_control_api
                0x0000000020000018       0x1c zephyr/drivers/clock_control/libdrivers__clock_control.a(clock_stm32_ll_common.c.obj)
 .data.uart_stm32_data_0
                0x0000000020000034       0x10 zephyr/drivers/serial/libdrivers__serial.a(uart_stm32.c.obj)
 .data.uart_cfg_0
                0x0000000020000044        0x8 zephyr/drivers/serial/libdrivers__serial.a(uart_stm32.c.obj)
 .data.SystemCoreClock
                0x000000002000004c        0x4 modules/stm32/stm32cube/lib..__modules__hal__stm32__stm32cube.a(system_stm32f4xx.c.obj)
                0x000000002000004c                SystemCoreClock
 .data.timeout_list
                0x0000000020000050        0x8 zephyr/kernel/libkernel.a(timeout.c.obj)
 .data.exti_irq_table
                0x0000000020000058       0x10 zephyr/drivers/interrupt_controller/libdrivers__interrupt_controller.a(intc_exti_stm32.c.obj)
 *(SORT_BY_ALIGNMENT(.kernel.*))
                0x0000000020000068                __data_end = .
                0x0000000000000068                __data_size = (__data_end - __data_start)
                0x0000000008003c18                __data_load_start = LOADADDR (datas)
                0x0000000008003c18                __data_region_load_start = LOADADDR (datas)

device_states   0x0000000020000068       0x18 load address 0x0000000008003c80
                0x0000000020000068                __device_states_start = .
 *(SORT_BY_ALIGNMENT(.z_devstate))
 .z_devstate    0x0000000020000068        0x2 zephyr/drivers/interrupt_controller/libdrivers__interrupt_controller.a(intc_exti_stm32.c.obj)
 .z_devstate    0x000000002000006a        0x2 zephyr/drivers/clock_control/libdrivers__clock_control.a(clock_stm32_ll_common.c.obj)
 .z_devstate    0x000000002000006c       0x10 zephyr/drivers/gpio/libdrivers__gpio.a(gpio_stm32.c.obj)
 .z_devstate    0x000000002000007c        0x2 zephyr/drivers/reset/libdrivers__reset.a(reset_stm32.c.obj)
 .z_devstate    0x000000002000007e        0x2 zephyr/drivers/serial/libdrivers__serial.a(uart_stm32.c.obj)
 *(SORT_BY_ALIGNMENT(.z_devstate.*))
                0x0000000020000080                __device_states_end = .

log_mpsc_pbuf_area
                0x0000000020000080        0x0 load address 0x0000000008003c98
                0x0000000020000080                _log_mpsc_pbuf_list_start = .
 *(SORT_BY_NAME(SORT_BY_ALIGNMENT(._log_mpsc_pbuf.static.*)))
                0x0000000020000080                _log_mpsc_pbuf_list_end = .

log_msg_ptr_area
                0x0000000020000080        0x0 load address 0x0000000008003c98
                0x0000000020000080                _log_msg_ptr_list_start = .
 *(SORT_BY_NAME(SORT_BY_ALIGNMENT(._log_msg_ptr.static.*)))
                0x0000000020000080                _log_msg_ptr_list_end = .

log_dynamic_area
                0x0000000020000080        0x0 load address 0x0000000008003c98
                0x0000000020000080                _log_dynamic_list_start = .
 *(SORT_BY_NAME(SORT_BY_ALIGNMENT(._log_dynamic.static.*)))
                0x0000000020000080                _log_dynamic_list_end = .

k_timer_area    0x0000000020000080        0x0 load address 0x0000000008003c98
                0x0000000020000080                _k_timer_list_start = .
 *(SORT_BY_NAME(SORT_BY_ALIGNMENT(._k_timer.static.*)))
                0x0000000020000080                _k_timer_list_end = .

k_mem_slab_area
                0x0000000020000080        0x0 load address 0x0000000008003c98
                0x0000000020000080                _k_mem_slab_list_start = .
 *(SORT_BY_NAME(SORT_BY_ALIGNMENT(._k_mem_slab.static.*)))
                0x0000000020000080                _k_mem_slab_list_end = .

k_heap_area     0x0000000020000080        0x0 load address 0x0000000008003c98
                0x0000000020000080                _k_heap_list_start = .
 *(SORT_BY_NAME(SORT_BY_ALIGNMENT(._k_heap.static.*)))
                0x0000000020000080                _k_heap_list_end = .

k_mutex_area    0x0000000020000080        0x0 load address 0x0000000008003c98
                0x0000000020000080                _k_mutex_list_start = .
 *(SORT_BY_NAME(SORT_BY_ALIGNMENT(._k_mutex.static.*)))
                0x0000000020000080                _k_mutex_list_end = .

k_stack_area    0x0000000020000080        0x0 load address 0x0000000008003c98
                0x0000000020000080                _k_stack_list_start = .
 *(SORT_BY_NAME(SORT_BY_ALIGNMENT(._k_stack.static.*)))
                0x0000000020000080                _k_stack_list_end = .

k_msgq_area     0x0000000020000080        0x0 load address 0x0000000008003c98
                0x0000000020000080                _k_msgq_list_start = .
 *(SORT_BY_NAME(SORT_BY_ALIGNMENT(._k_msgq.static.*)))
                0x0000000020000080                _k_msgq_list_end = .

k_mbox_area     0x0000000020000080        0x0 load address 0x0000000008003c98
                0x0000000020000080                _k_mbox_list_start = .
 *(SORT_BY_NAME(SORT_BY_ALIGNMENT(._k_mbox.static.*)))
                0x0000000020000080                _k_mbox_list_end = .

k_pipe_area     0x0000000020000080        0x0 load address 0x0000000008003c98
                0x0000000020000080                _k_pipe_list_start = .
 *(SORT_BY_NAME(SORT_BY_ALIGNMENT(._k_pipe.static.*)))
                0x0000000020000080                _k_pipe_list_end = .

k_sem_area      0x0000000020000080        0x0 load address 0x0000000008003c98
                0x0000000020000080                _k_sem_list_start = .
 *(SORT_BY_NAME(SORT_BY_ALIGNMENT(._k_sem.static.*)))
                0x0000000020000080                _k_sem_list_end = .

k_event_area    0x0000000020000080        0x0 load address 0x0000000008003c98
                0x0000000020000080                _k_event_list_start = .
 *(SORT_BY_NAME(SORT_BY_ALIGNMENT(._k_event.static.*)))
                0x0000000020000080                _k_event_list_end = .

k_queue_area    0x0000000020000080        0x0 load address 0x0000000008003c98
                0x0000000020000080                _k_queue_list_start = .
 *(SORT_BY_NAME(SORT_BY_ALIGNMENT(._k_queue.static.*)))
                0x0000000020000080                _k_queue_list_end = .

k_fifo_area     0x0000000020000080        0x0 load address 0x0000000008003c98
                0x0000000020000080                _k_fifo_list_start = .
 *(SORT_BY_NAME(SORT_BY_ALIGNMENT(._k_fifo.static.*)))
                0x0000000020000080                _k_fifo_list_end = .

k_lifo_area     0x0000000020000080        0x0 load address 0x0000000008003c98
                0x0000000020000080                _k_lifo_list_start = .
 *(SORT_BY_NAME(SORT_BY_ALIGNMENT(._k_lifo.static.*)))
                0x0000000020000080                _k_lifo_list_end = .

k_condvar_area  0x0000000020000080        0x0 load address 0x0000000008003c98
                0x0000000020000080                _k_condvar_list_start = .
 *(SORT_BY_NAME(SORT_BY_ALIGNMENT(._k_condvar.static.*)))
                0x0000000020000080                _k_condvar_list_end = .

sys_mem_blocks_ptr_area
                0x0000000020000080        0x0 load address 0x0000000008003c98
                0x0000000020000080                _sys_mem_blocks_ptr_list_start = .
 *(SORT_BY_NAME(SORT_BY_ALIGNMENT(._sys_mem_blocks_ptr.static.*)))
                0x0000000020000080                _sys_mem_blocks_ptr_list_end = .

net_buf_pool_area
                0x0000000020000080        0x0 load address 0x0000000008003c98
                0x0000000020000080                _net_buf_pool_list_start = .
 *(SORT_BY_NAME(SORT_BY_ALIGNMENT(._net_buf_pool.static.*)))
                0x0000000020000080                _net_buf_pool_list_end = .
                0x0000000020000080                __data_region_end = .

bss             0x0000000020000080      0x29b
                0x0000000020000080                . = ALIGN (0x4)
                0x0000000020000080                __bss_start = .
                0x0000000020000080                __kernel_ram_start = .
 *(SORT_BY_ALIGNMENT(.bss))
 *(SORT_BY_ALIGNMENT(.bss.*))
 .bss.announced_cycles
                0x0000000020000080        0x8 zephyr/drivers/timer/libdrivers__timer.a(cortex_m_systick.c.obj)
 .bss.cycle_count
                0x0000000020000088        0x8 zephyr/drivers/timer/libdrivers__timer.a(cortex_m_systick.c.obj)
 .bss.z_idle_threads
                0x0000000020000090       0x80 zephyr/kernel/libkernel.a(init.c.obj)
                0x0000000020000090                z_idle_threads
 .bss.z_main_thread
                0x0000000020000110       0x80 zephyr/kernel/libkernel.a(init.c.obj)
                0x0000000020000110                z_main_thread
 .bss.slice_timeouts
                0x0000000020000190       0x18 zephyr/kernel/libkernel.a(sched.c.obj)
 .bss.curr_tick
                0x00000000200001a8        0x8 zephyr/kernel/libkernel.a(timeout.c.obj)
 .bss.button_callback
                0x00000000200001b0        0xc app/libapp.a(main.c.obj)
 .bss.z_arm_tls_ptr
                0x00000000200001bc        0x4 zephyr/arch/arch/arm/core/libarch__arm__core.a(tls.c.obj)
                0x00000000200001bc                z_arm_tls_ptr
 .bss.dynamic_regions.0
                0x00000000200001c0        0xc zephyr/arch/arch/arm/core/mpu/libarch__arm__core__mpu.a(arm_core_mpu.c.obj)
 .bss._stdout_hook
                0x00000000200001cc        0x4 zephyr/lib/libc/picolibc/liblib__libc__picolibc.a(libc-hooks.c.obj)
 .bss.z_malloc_heap
                0x00000000200001d0        0xc zephyr/lib/libc/common/liblib__libc__common.a(malloc.c.obj)
 .bss.exti_data
                0x00000000200001dc       0x80 zephyr/drivers/interrupt_controller/libdrivers__interrupt_controller.a(intc_exti_stm32.c.obj)
 .bss.gpio_stm32_data_h
                0x000000002000025c       0x10 zephyr/drivers/gpio/libdrivers__gpio.a(gpio_stm32.c.obj)
 .bss.gpio_stm32_data_g
                0x000000002000026c       0x10 zephyr/drivers/gpio/libdrivers__gpio.a(gpio_stm32.c.obj)
 .bss.gpio_stm32_data_f
                0x000000002000027c       0x10 zephyr/drivers/gpio/libdrivers__gpio.a(gpio_stm32.c.obj)
 .bss.gpio_stm32_data_e
                0x000000002000028c       0x10 zephyr/drivers/gpio/libdrivers__gpio.a(gpio_stm32.c.obj)
 .bss.gpio_stm32_data_d
                0x000000002000029c       0x10 zephyr/drivers/gpio/libdrivers__gpio.a(gpio_stm32.c.obj)
 .bss.gpio_stm32_data_c
                0x00000000200002ac       0x10 zephyr/drivers/gpio/libdrivers__gpio.a(gpio_stm32.c.obj)
 .bss.gpio_stm32_data_b
                0x00000000200002bc       0x10 zephyr/drivers/gpio/libdrivers__gpio.a(gpio_stm32.c.obj)
 .bss.gpio_stm32_data_a
                0x00000000200002cc       0x10 zephyr/drivers/gpio/libdrivers__gpio.a(gpio_stm32.c.obj)
 .bss.overflow_cyc
                0x00000000200002dc        0x4 zephyr/drivers/timer/libdrivers__timer.a(cortex_m_systick.c.obj)
 .bss.last_load
                0x00000000200002e0        0x4 zephyr/drivers/timer/libdrivers__timer.a(cortex_m_systick.c.obj)
 .bss._cpus_active
                0x00000000200002e4        0x4 zephyr/kernel/libkernel.a(init.c.obj)
                0x00000000200002e4                _cpus_active
 .bss._kernel   0x00000000200002e8       0x20 zephyr/kernel/libkernel.a(init.c.obj)
                0x00000000200002e8                _kernel
 .bss.pending_current
                0x0000000020000308        0x4 zephyr/kernel/libkernel.a(sched.c.obj)
 .bss.slice_max_prio
                0x000000002000030c        0x4 zephyr/kernel/libkernel.a(sched.c.obj)
 .bss.slice_ticks
                0x0000000020000310        0x4 zephyr/kernel/libkernel.a(sched.c.obj)
 .bss.announce_remaining
                0x0000000020000314        0x4 zephyr/kernel/libkernel.a(timeout.c.obj)
 .bss.static_regions_num
                0x0000000020000318        0x1 zephyr/arch/arch/arm/core/mpu/libarch__arm__core__mpu.a(arm_mpu.c.obj)
 .bss.z_sys_post_kernel
                0x0000000020000319        0x1 zephyr/kernel/libkernel.a(init.c.obj)
                0x0000000020000319                z_sys_post_kernel
 .bss.slice_expired
                0x000000002000031a        0x1 zephyr/kernel/libkernel.a(sched.c.obj)
 .bss.sched_spinlock
                0x000000002000031b        0x0 zephyr/kernel/libkernel.a(sched.c.obj)
                0x000000002000031b                sched_spinlock
 *(SORT_BY_ALIGNMENT(COMMON))
 *(SORT_BY_ALIGNMENT(.kernel_bss.*))
                0x000000002000031c                __bss_end = ALIGN (0x4)

noinit          0x0000000020000340      0xe00
 *(SORT_BY_ALIGNMENT(.noinit))
 *(SORT_BY_ALIGNMENT(.noinit.*))
 .noinit."WEST_TOPDIR/zephyr/kernel/init.c".2
                0x0000000020000340      0x840 zephyr/kernel/libkernel.a(init.c.obj)
                0x0000000020000340                z_interrupt_stacks
 .noinit."WEST_TOPDIR/zephyr/kernel/init.c".1
                0x0000000020000b80      0x180 zephyr/kernel/libkernel.a(init.c.obj)
 .noinit."WEST_TOPDIR/zephyr/kernel/init.c".0
                0x0000000020000d00      0x440 zephyr/kernel/libkernel.a(init.c.obj)
                0x0000000020000d00                z_main_stack
 *(SORT_BY_ALIGNMENT(.kernel_noinit.*))
                0x0000000020010000                __kernel_ram_end = 0x20010000
                0x000000000000ff80                __kernel_ram_size = (__kernel_ram_end - __kernel_ram_start)

/DISCARD/
 *(SORT_BY_ALIGNMENT(.irq_info*))
 *(SORT_BY_ALIGNMENT(.intList*))

.last_ram_section
                0x0000000020001140        0x0
                0x0000000020001140                _image_ram_end = .
                0x0000000000001140                _image_ram_size = (_image_ram_end - _image_ram_start)
                0x0000000020001140                _end = .
                0x0000000020001140                z_mapped_end = .

.stab
 *(SORT_BY_ALIGNMENT(.stab))

.stabstr
 *(SORT_BY_ALIGNMENT(.stabstr))

.stab.excl
 *(SORT_BY_ALIGNMENT(.stab.excl))

.stab.exclstr
 *(SORT_BY_ALIGNMENT(.stab.exclstr))

.stab.index
 *(SORT_BY_ALIGNMENT(.stab.index))

.stab.indexstr
 *(SORT_BY_ALIGNMENT(.stab.indexstr))

.gnu.build.attributes
 *(SORT_BY_ALIGNMENT(.gnu.build.attributes) SORT_BY_ALIGNMENT(.gnu.build.attributes.*))

.comment        0x0000000000000000       0x20
 *(SORT_BY_ALIGNMENT(.comment))
 .comment       0x0000000000000000       0x20 zephyr/CMakeFiles/zephyr_final.dir/isr_tables.c.obj
                                         0x21 (size before relaxing)
 .comment       0x0000000000000020       0x21 zephyr/CMakeFiles/offsets.dir/./arch/arm/core/offsets/offsets.c.obj
 .comment       0x0000000000000020       0x21 app/libapp.a(main.c.obj)
 .comment       0x0000000000000020       0x21 zephyr/libzephyr.a(heap.c.obj)
 .comment       0x0000000000000020       0x21 zephyr/libzephyr.a(printk.c.obj)
 .comment       0x0000000000000020       0x21 zephyr/libzephyr.a(thread_entry.c.obj)
 .comment       0x0000000000000020       0x21 zephyr/libzephyr.a(configs.c.obj)
 .comment       0x0000000000000020       0x21 zephyr/libzephyr.a(soc.c.obj)
 .comment       0x0000000000000020       0x21 zephyr/libzephyr.a(soc_config.c.obj)
 .comment       0x0000000000000020       0x21 zephyr/libzephyr.a(mem_attr.c.obj)
 .comment       0x0000000000000020       0x21 zephyr/arch/arch/arm/core/libarch__arm__core.a(fatal.c.obj)
 .comment       0x0000000000000020       0x21 zephyr/arch/arch/arm/core/libarch__arm__core.a(nmi.c.obj)
 .comment       0x0000000000000020       0x21 zephyr/arch/arch/arm/core/libarch__arm__core.a(tls.c.obj)
 .comment       0x0000000000000020       0x21 zephyr/arch/arch/arm/core/cortex_m/libarch__arm__core__cortex_m.a(fault.c.obj)
 .comment       0x0000000000000020       0x21 zephyr/arch/arch/arm/core/cortex_m/libarch__arm__core__cortex_m.a(thread_abort.c.obj)
 .comment       0x0000000000000020       0x21 zephyr/arch/arch/arm/core/cortex_m/libarch__arm__core__cortex_m.a(swap.c.obj)
 .comment       0x0000000000000020       0x21 zephyr/arch/arch/arm/core/cortex_m/libarch__arm__core__cortex_m.a(irq_manage.c.obj)
 .comment       0x0000000000000020       0x21 zephyr/arch/arch/arm/core/cortex_m/libarch__arm__core__cortex_m.a(prep_c.c.obj)
 .comment       0x0000000000000020       0x21 zephyr/arch/arch/arm/core/cortex_m/libarch__arm__core__cortex_m.a(thread.c.obj)
 .comment       0x0000000000000020       0x21 zephyr/arch/arch/arm/core/cortex_m/libarch__arm__core__cortex_m.a(irq_init.c.obj)
 .comment       0x0000000000000020       0x21 zephyr/arch/arch/arm/core/mpu/libarch__arm__core__mpu.a(arm_core_mpu.c.obj)
 .comment       0x0000000000000020       0x21 zephyr/arch/arch/arm/core/mpu/libarch__arm__core__mpu.a(arm_mpu.c.obj)
 .comment       0x0000000000000020       0x21 zephyr/arch/arch/arm/core/mpu/libarch__arm__core__mpu.a(arm_mpu_regions.c.obj)
 .comment       0x0000000000000020       0x21 zephyr/lib/libc/picolibc/liblib__libc__picolibc.a(libc-hooks.c.obj)
 .comment       0x0000000000000020       0x21 zephyr/lib/libc/common/liblib__libc__common.a(malloc.c.obj)
 .comment       0x0000000000000020       0x21 zephyr/drivers/interrupt_controller/libdrivers__interrupt_controller.a(intc_exti_stm32.c.obj)
 .comment       0x0000000000000020       0x21 zephyr/drivers/clock_control/libdrivers__clock_control.a(clock_stm32_ll_common.c.obj)
 .comment       0x0000000000000020       0x21 zephyr/drivers/clock_control/libdrivers__clock_control.a(clock_stm32f2_f4_f7.c.obj)
 .comment       0x0000000000000020       0x21 zephyr/drivers/console/libdrivers__console.a(uart_console.c.obj)
 .comment       0x0000000000000020       0x21 zephyr/drivers/gpio/libdrivers__gpio.a(gpio_stm32.c.obj)
 .comment       0x0000000000000020       0x21 zephyr/drivers/pinctrl/libdrivers__pinctrl.a(common.c.obj)
 .comment       0x0000000000000020       0x21 zephyr/drivers/pinctrl/libdrivers__pinctrl.a(pinctrl_stm32.c.obj)
 .comment       0x0000000000000020       0x21 zephyr/drivers/reset/libdrivers__reset.a(reset_stm32.c.obj)
 .comment       0x0000000000000020       0x21 zephyr/drivers/serial/libdrivers__serial.a(uart_stm32.c.obj)
 .comment       0x0000000000000020       0x21 zephyr/drivers/timer/libdrivers__timer.a(cortex_m_systick.c.obj)
 .comment       0x0000000000000020       0x21 modules/stm32/stm32cube/lib..__modules__hal__stm32__stm32cube.a(system_stm32f4xx.c.obj)
 .comment       0x0000000000000020       0x21 modules/stm32/stm32cube/lib..__modules__hal__stm32__stm32cube.a(stm32f4xx_hal_rcc.c.obj)
 .comment       0x0000000000000020       0x21 modules/stm32/stm32cube/lib..__modules__hal__stm32__stm32cube.a(stm32f4xx_ll_utils.c.obj)
 .comment       0x0000000000000020       0x21 zephyr/kernel/libkernel.a(device.c.obj)
 .comment       0x0000000000000020       0x21 zephyr/kernel/libkernel.a(fatal.c.obj)
 .comment       0x0000000000000020       0x21 zephyr/kernel/libkernel.a(init.c.obj)
 .comment       0x0000000000000020       0x21 zephyr/kernel/libkernel.a(thread.c.obj)
 .comment       0x0000000000000020       0x21 zephyr/kernel/libkernel.a(sched.c.obj)
 .comment       0x0000000000000020       0x21 zephyr/kernel/libkernel.a(idle.c.obj)
 .comment       0x0000000000000020       0x21 zephyr/kernel/libkernel.a(xip.c.obj)
 .comment       0x0000000000000020       0x21 zephyr/kernel/libkernel.a(timeout.c.obj)
 .comment       0x0000000000000020       0x21 zephyr/kernel/libkernel.a(banner.c.obj)

.debug
 *(SORT_BY_ALIGNMENT(.debug))

.line
 *(SORT_BY_ALIGNMENT(.line))

.debug_srcinfo
 *(SORT_BY_ALIGNMENT(.debug_srcinfo))

.debug_sfnames
 *(SORT_BY_ALIGNMENT(.debug_sfnames))

.debug_aranges  0x0000000000000000      0xf48
 *(SORT_BY_ALIGNMENT(.debug_aranges))
 .debug_aranges
                0x0000000000000000       0x20 zephyr/arch/arch/arm/core/libarch__arm__core.a(nmi_on_reset.S.obj)
 .debug_aranges
                0x0000000000000020       0x20 zephyr/arch/arch/arm/core/cortex_m/libarch__arm__core__cortex_m.a(exc_exit.S.obj)
 .debug_aranges
                0x0000000000000040       0x20 zephyr/arch/arch/arm/core/cortex_m/libarch__arm__core__cortex_m.a(fault_s.S.obj)
 .debug_aranges
                0x0000000000000060       0x20 zephyr/arch/arch/arm/core/cortex_m/libarch__arm__core__cortex_m.a(reset.S.obj)
 .debug_aranges
                0x0000000000000080       0x28 zephyr/arch/arch/arm/core/cortex_m/libarch__arm__core__cortex_m.a(swap_helper.S.obj)
 .debug_aranges
                0x00000000000000a8       0x30 zephyr/arch/arch/arm/core/cortex_m/libarch__arm__core__cortex_m.a(cpu_idle.S.obj)
 .debug_aranges
                0x00000000000000d8       0x20 zephyr/arch/arch/arm/core/cortex_m/libarch__arm__core__cortex_m.a(isr_wrapper.S.obj)
 .debug_aranges
                0x00000000000000f8       0x20 zephyr/arch/arch/arm/core/cortex_m/libarch__arm__core__cortex_m.a(__aeabi_read_tp.S.obj)
 .debug_aranges
                0x0000000000000118       0x18 zephyr/CMakeFiles/zephyr_final.dir/isr_tables.c.obj
 .debug_aranges
                0x0000000000000130       0x20 zephyr/CMakeFiles/offsets.dir/./arch/arm/core/offsets/offsets.c.obj
 .debug_aranges
                0x0000000000000150       0x30 app/libapp.a(main.c.obj)
 .debug_aranges
                0x0000000000000180       0x88 zephyr/libzephyr.a(heap.c.obj)
 .debug_aranges
                0x0000000000000208       0x50 zephyr/libzephyr.a(printk.c.obj)
 .debug_aranges
                0x0000000000000258       0x20 zephyr/libzephyr.a(thread_entry.c.obj)
 .debug_aranges
                0x0000000000000278       0x20 zephyr/libzephyr.a(configs.c.obj)
 .debug_aranges
                0x0000000000000298       0x20 zephyr/libzephyr.a(soc.c.obj)
 .debug_aranges
                0x00000000000002b8       0x20 zephyr/libzephyr.a(soc_config.c.obj)
 .debug_aranges
                0x00000000000002d8       0x28 zephyr/libzephyr.a(mem_attr.c.obj)
 .debug_aranges
                0x0000000000000300       0x30 zephyr/arch/arch/arm/core/libarch__arm__core.a(fatal.c.obj)
 .debug_aranges
                0x0000000000000330       0x28 zephyr/arch/arch/arm/core/libarch__arm__core.a(nmi.c.obj)
 .debug_aranges
                0x0000000000000358       0x20 zephyr/arch/arch/arm/core/libarch__arm__core.a(tls.c.obj)
 .debug_aranges
                0x0000000000000378       0x40 zephyr/arch/arch/arm/core/cortex_m/libarch__arm__core__cortex_m.a(fault.c.obj)
 .debug_aranges
                0x00000000000003b8       0x20 zephyr/arch/arch/arm/core/cortex_m/libarch__arm__core__cortex_m.a(thread_abort.c.obj)
 .debug_aranges
                0x00000000000003d8       0x20 zephyr/arch/arch/arm/core/cortex_m/libarch__arm__core__cortex_m.a(swap.c.obj)
 .debug_aranges
                0x00000000000003f8       0x40 zephyr/arch/arch/arm/core/cortex_m/libarch__arm__core__cortex_m.a(irq_manage.c.obj)
 .debug_aranges
                0x0000000000000438       0x20 zephyr/arch/arch/arm/core/cortex_m/libarch__arm__core__cortex_m.a(prep_c.c.obj)
 .debug_aranges
                0x0000000000000458       0x30 zephyr/arch/arch/arm/core/cortex_m/libarch__arm__core__cortex_m.a(thread.c.obj)
 .debug_aranges
                0x0000000000000488       0x20 zephyr/arch/arch/arm/core/cortex_m/libarch__arm__core__cortex_m.a(irq_init.c.obj)
 .debug_aranges
                0x00000000000004a8       0x28 zephyr/arch/arch/arm/core/mpu/libarch__arm__core__mpu.a(arm_core_mpu.c.obj)
 .debug_aranges
                0x00000000000004d0       0x58 zephyr/arch/arch/arm/core/mpu/libarch__arm__core__mpu.a(arm_mpu.c.obj)
 .debug_aranges
                0x0000000000000528       0x18 zephyr/arch/arch/arm/core/mpu/libarch__arm__core__mpu.a(arm_mpu_regions.c.obj)
 .debug_aranges
                0x0000000000000540       0xb0 zephyr/lib/libc/picolibc/liblib__libc__picolibc.a(libc-hooks.c.obj)
 .debug_aranges
                0x00000000000005f0       0x60 zephyr/lib/libc/common/liblib__libc__common.a(malloc.c.obj)
 .debug_aranges
                0x0000000000000650       0x58 zephyr/drivers/interrupt_controller/libdrivers__interrupt_controller.a(intc_exti_stm32.c.obj)
 .debug_aranges
                0x00000000000006a8       0x58 zephyr/drivers/clock_control/libdrivers__clock_control.a(clock_stm32_ll_common.c.obj)
 .debug_aranges
                0x0000000000000700       0x30 zephyr/drivers/clock_control/libdrivers__clock_control.a(clock_stm32f2_f4_f7.c.obj)
 .debug_aranges
                0x0000000000000730       0x30 zephyr/drivers/console/libdrivers__console.a(uart_console.c.obj)
 .debug_aranges
                0x0000000000000760       0x78 zephyr/drivers/gpio/libdrivers__gpio.a(gpio_stm32.c.obj)
 .debug_aranges
                0x00000000000007d8       0x20 zephyr/drivers/pinctrl/libdrivers__pinctrl.a(common.c.obj)
 .debug_aranges
                0x00000000000007f8       0x20 zephyr/drivers/pinctrl/libdrivers__pinctrl.a(pinctrl_stm32.c.obj)
 .debug_aranges
                0x0000000000000818       0x38 zephyr/drivers/reset/libdrivers__reset.a(reset_stm32.c.obj)
 .debug_aranges
                0x0000000000000850       0xe0 zephyr/drivers/serial/libdrivers__serial.a(uart_stm32.c.obj)
 .debug_aranges
                0x0000000000000930       0x60 zephyr/drivers/timer/libdrivers__timer.a(cortex_m_systick.c.obj)
 .debug_aranges
                0x0000000000000990       0x28 modules/stm32/stm32cube/lib..__modules__hal__stm32__stm32cube.a(system_stm32f4xx.c.obj)
 .debug_aranges
                0x00000000000009b8       0x88 modules/stm32/stm32cube/lib..__modules__hal__stm32__stm32cube.a(stm32f4xx_hal_rcc.c.obj)
 .debug_aranges
                0x0000000000000a40       0x58 modules/stm32/stm32cube/lib..__modules__hal__stm32__stm32cube.a(stm32f4xx_ll_utils.c.obj)
 .debug_aranges
                0x0000000000000a98       0x38 zephyr/kernel/libkernel.a(device.c.obj)
 .debug_aranges
                0x0000000000000ad0       0x60 zephyr/kernel/libkernel.a(fatal.c.obj)
 .debug_aranges
                0x0000000000000b30       0x58 zephyr/kernel/libkernel.a(init.c.obj)
 .debug_aranges
                0x0000000000000b88       0xb8 zephyr/kernel/libkernel.a(thread.c.obj)
 .debug_aranges
                0x0000000000000c40      0x208 zephyr/kernel/libkernel.a(sched.c.obj)
 .debug_aranges
                0x0000000000000e48       0x30 zephyr/kernel/libkernel.a(idle.c.obj)
 .debug_aranges
                0x0000000000000e78       0x20 zephyr/kernel/libkernel.a(xip.c.obj)
 .debug_aranges
                0x0000000000000e98       0x90 zephyr/kernel/libkernel.a(timeout.c.obj)
 .debug_aranges
                0x0000000000000f28       0x20 zephyr/kernel/libkernel.a(banner.c.obj)

.debug_pubnames
 *(SORT_BY_ALIGNMENT(.debug_pubnames))

.debug_info     0x0000000000000000    0x3bf45
 *(SORT_BY_ALIGNMENT(.debug_info) SORT_BY_ALIGNMENT(.gnu.linkonce.wi.*))
 .debug_info    0x0000000000000000      0x189 zephyr/CMakeFiles/zephyr_final.dir/isr_tables.c.obj
 .debug_info    0x0000000000000189       0xe2 zephyr/CMakeFiles/offsets.dir/./arch/arm/core/offsets/offsets.c.obj
 .debug_info    0x000000000000026b      0xd10 app/libapp.a(main.c.obj)
 .debug_info    0x0000000000000f7b     0x2fe1 zephyr/libzephyr.a(heap.c.obj)
 .debug_info    0x0000000000003f5c      0x5d1 zephyr/libzephyr.a(printk.c.obj)
 .debug_info    0x000000000000452d      0x749 zephyr/libzephyr.a(thread_entry.c.obj)
 .debug_info    0x0000000000004c76       0x38 zephyr/libzephyr.a(configs.c.obj)
 .debug_info    0x0000000000004cae      0x2ca zephyr/libzephyr.a(soc.c.obj)
 .debug_info    0x0000000000004f78      0x2ad zephyr/libzephyr.a(soc_config.c.obj)
 .debug_info    0x0000000000005225      0x2ba zephyr/libzephyr.a(mem_attr.c.obj)
 .debug_info    0x00000000000054df     0x2591 zephyr/arch/arch/arm/core/libarch__arm__core.a(fatal.c.obj)
 .debug_info    0x0000000000007a70      0x1b0 zephyr/arch/arch/arm/core/libarch__arm__core.a(nmi.c.obj)
 .debug_info    0x0000000000007c20       0x23 zephyr/arch/arch/arm/core/libarch__arm__core.a(nmi_on_reset.S.obj)
 .debug_info    0x0000000000007c43      0x7a4 zephyr/arch/arch/arm/core/libarch__arm__core.a(tls.c.obj)
 .debug_info    0x00000000000083e7       0x23 zephyr/arch/arch/arm/core/cortex_m/libarch__arm__core__cortex_m.a(exc_exit.S.obj)
 .debug_info    0x000000000000840a     0xbd95 zephyr/arch/arch/arm/core/cortex_m/libarch__arm__core__cortex_m.a(fault.c.obj)
 .debug_info    0x000000000001419f       0x23 zephyr/arch/arch/arm/core/cortex_m/libarch__arm__core__cortex_m.a(fault_s.S.obj)
 .debug_info    0x00000000000141c2       0x23 zephyr/arch/arch/arm/core/cortex_m/libarch__arm__core__cortex_m.a(reset.S.obj)
 .debug_info    0x00000000000141e5      0x84a zephyr/arch/arch/arm/core/cortex_m/libarch__arm__core__cortex_m.a(thread_abort.c.obj)
 .debug_info    0x0000000000014a2f      0x7f9 zephyr/arch/arch/arm/core/cortex_m/libarch__arm__core__cortex_m.a(swap.c.obj)
 .debug_info    0x0000000000015228       0x22 zephyr/arch/arch/arm/core/cortex_m/libarch__arm__core__cortex_m.a(swap_helper.S.obj)
 .debug_info    0x000000000001524a      0x929 zephyr/arch/arch/arm/core/cortex_m/libarch__arm__core__cortex_m.a(irq_manage.c.obj)
 .debug_info    0x0000000000015b73      0x493 zephyr/arch/arch/arm/core/cortex_m/libarch__arm__core__cortex_m.a(prep_c.c.obj)
 .debug_info    0x0000000000016006      0x91e zephyr/arch/arch/arm/core/cortex_m/libarch__arm__core__cortex_m.a(thread.c.obj)
 .debug_info    0x0000000000016924       0x22 zephyr/arch/arch/arm/core/cortex_m/libarch__arm__core__cortex_m.a(cpu_idle.S.obj)
 .debug_info    0x0000000000016946      0x5d2 zephyr/arch/arch/arm/core/cortex_m/libarch__arm__core__cortex_m.a(irq_init.c.obj)
 .debug_info    0x0000000000016f18       0x23 zephyr/arch/arch/arm/core/cortex_m/libarch__arm__core__cortex_m.a(isr_wrapper.S.obj)
 .debug_info    0x0000000000016f3b       0x23 zephyr/arch/arch/arm/core/cortex_m/libarch__arm__core__cortex_m.a(__aeabi_read_tp.S.obj)
 .debug_info    0x0000000000016f5e      0x74f zephyr/arch/arch/arm/core/mpu/libarch__arm__core__mpu.a(arm_core_mpu.c.obj)
 .debug_info    0x00000000000176ad     0x3dea zephyr/arch/arch/arm/core/mpu/libarch__arm__core__mpu.a(arm_mpu.c.obj)
 .debug_info    0x000000000001b497      0x18e zephyr/arch/arch/arm/core/mpu/libarch__arm__core__mpu.a(arm_mpu_regions.c.obj)
 .debug_info    0x000000000001b625      0xed3 zephyr/lib/libc/picolibc/liblib__libc__picolibc.a(libc-hooks.c.obj)
 .debug_info    0x000000000001c4f8      0xdfb zephyr/lib/libc/common/liblib__libc__common.a(malloc.c.obj)
 .debug_info    0x000000000001d2f3      0xf24 zephyr/drivers/interrupt_controller/libdrivers__interrupt_controller.a(intc_exti_stm32.c.obj)
 .debug_info    0x000000000001e217     0x11e3 zephyr/drivers/clock_control/libdrivers__clock_control.a(clock_stm32_ll_common.c.obj)
 .debug_info    0x000000000001f3fa      0x3c5 zephyr/drivers/clock_control/libdrivers__clock_control.a(clock_stm32f2_f4_f7.c.obj)
 .debug_info    0x000000000001f7bf      0x999 zephyr/drivers/console/libdrivers__console.a(uart_console.c.obj)
 .debug_info    0x0000000000020158     0x2b81 zephyr/drivers/gpio/libdrivers__gpio.a(gpio_stm32.c.obj)
 .debug_info    0x0000000000022cd9      0x1b2 zephyr/drivers/pinctrl/libdrivers__pinctrl.a(common.c.obj)
 .debug_info    0x0000000000022e8b      0x4a5 zephyr/drivers/pinctrl/libdrivers__pinctrl.a(pinctrl_stm32.c.obj)
 .debug_info    0x0000000000023330      0x64b zephyr/drivers/reset/libdrivers__reset.a(reset_stm32.c.obj)
 .debug_info    0x000000000002397b     0x6457 zephyr/drivers/serial/libdrivers__serial.a(uart_stm32.c.obj)
 .debug_info    0x0000000000029dd2      0xe5a zephyr/drivers/timer/libdrivers__timer.a(cortex_m_systick.c.obj)
 .debug_info    0x000000000002ac2c      0x3a2 modules/stm32/stm32cube/lib..__modules__hal__stm32__stm32cube.a(system_stm32f4xx.c.obj)
 .debug_info    0x000000000002afce      0xbae modules/stm32/stm32cube/lib..__modules__hal__stm32__stm32cube.a(stm32f4xx_hal_rcc.c.obj)
 .debug_info    0x000000000002bb7c      0xcdf modules/stm32/stm32cube/lib..__modules__hal__stm32__stm32cube.a(stm32f4xx_ll_utils.c.obj)
 .debug_info    0x000000000002c85b      0x343 zephyr/kernel/libkernel.a(device.c.obj)
 .debug_info    0x000000000002cb9e     0x28e8 zephyr/kernel/libkernel.a(fatal.c.obj)
 .debug_info    0x000000000002f486     0x1a7c zephyr/kernel/libkernel.a(init.c.obj)
 .debug_info    0x0000000000030f02     0x2737 zephyr/kernel/libkernel.a(thread.c.obj)
 .debug_info    0x0000000000033639     0x6e6a zephyr/kernel/libkernel.a(sched.c.obj)
 .debug_info    0x000000000003a4a3      0x282 zephyr/kernel/libkernel.a(idle.c.obj)
 .debug_info    0x000000000003a725      0x142 zephyr/kernel/libkernel.a(xip.c.obj)
 .debug_info    0x000000000003a867     0x1619 zephyr/kernel/libkernel.a(timeout.c.obj)
 .debug_info    0x000000000003be80       0xc5 zephyr/kernel/libkernel.a(banner.c.obj)

.debug_abbrev   0x0000000000000000     0x881b
 *(SORT_BY_ALIGNMENT(.debug_abbrev))
 .debug_abbrev  0x0000000000000000      0x118 zephyr/CMakeFiles/zephyr_final.dir/isr_tables.c.obj
 .debug_abbrev  0x0000000000000118       0x62 zephyr/CMakeFiles/offsets.dir/./arch/arm/core/offsets/offsets.c.obj
 .debug_abbrev  0x000000000000017a      0x3ad app/libapp.a(main.c.obj)
 .debug_abbrev  0x0000000000000527      0x434 zephyr/libzephyr.a(heap.c.obj)
 .debug_abbrev  0x000000000000095b      0x30e zephyr/libzephyr.a(printk.c.obj)
 .debug_abbrev  0x0000000000000c69      0x2ad zephyr/libzephyr.a(thread_entry.c.obj)
 .debug_abbrev  0x0000000000000f16       0x2e zephyr/libzephyr.a(configs.c.obj)
 .debug_abbrev  0x0000000000000f44      0x1b4 zephyr/libzephyr.a(soc.c.obj)
 .debug_abbrev  0x00000000000010f8      0x1b0 zephyr/libzephyr.a(soc_config.c.obj)
 .debug_abbrev  0x00000000000012a8      0x142 zephyr/libzephyr.a(mem_attr.c.obj)
 .debug_abbrev  0x00000000000013ea      0x2cb zephyr/arch/arch/arm/core/libarch__arm__core.a(fatal.c.obj)
 .debug_abbrev  0x00000000000016b5       0xf5 zephyr/arch/arch/arm/core/libarch__arm__core.a(nmi.c.obj)
 .debug_abbrev  0x00000000000017aa       0x14 zephyr/arch/arch/arm/core/libarch__arm__core.a(nmi_on_reset.S.obj)
 .debug_abbrev  0x00000000000017be      0x2b0 zephyr/arch/arch/arm/core/libarch__arm__core.a(tls.c.obj)
 .debug_abbrev  0x0000000000001a6e       0x14 zephyr/arch/arch/arm/core/cortex_m/libarch__arm__core__cortex_m.a(exc_exit.S.obj)
 .debug_abbrev  0x0000000000001a82      0x4bf zephyr/arch/arch/arm/core/cortex_m/libarch__arm__core__cortex_m.a(fault.c.obj)
 .debug_abbrev  0x0000000000001f41       0x14 zephyr/arch/arch/arm/core/cortex_m/libarch__arm__core__cortex_m.a(fault_s.S.obj)
 .debug_abbrev  0x0000000000001f55       0x14 zephyr/arch/arch/arm/core/cortex_m/libarch__arm__core__cortex_m.a(reset.S.obj)
 .debug_abbrev  0x0000000000001f69      0x227 zephyr/arch/arch/arm/core/cortex_m/libarch__arm__core__cortex_m.a(thread_abort.c.obj)
 .debug_abbrev  0x0000000000002190      0x1d9 zephyr/arch/arch/arm/core/cortex_m/libarch__arm__core__cortex_m.a(swap.c.obj)
 .debug_abbrev  0x0000000000002369       0x12 zephyr/arch/arch/arm/core/cortex_m/libarch__arm__core__cortex_m.a(swap_helper.S.obj)
 .debug_abbrev  0x000000000000237b      0x28c zephyr/arch/arch/arm/core/cortex_m/libarch__arm__core__cortex_m.a(irq_manage.c.obj)
 .debug_abbrev  0x0000000000002607      0x205 zephyr/arch/arch/arm/core/cortex_m/libarch__arm__core__cortex_m.a(prep_c.c.obj)
 .debug_abbrev  0x000000000000280c      0x290 zephyr/arch/arch/arm/core/cortex_m/libarch__arm__core__cortex_m.a(thread.c.obj)
 .debug_abbrev  0x0000000000002a9c       0x12 zephyr/arch/arch/arm/core/cortex_m/libarch__arm__core__cortex_m.a(cpu_idle.S.obj)
 .debug_abbrev  0x0000000000002aae      0x168 zephyr/arch/arch/arm/core/cortex_m/libarch__arm__core__cortex_m.a(irq_init.c.obj)